      -------------------------------------------------------------------
                       STM32CubeProgrammer v2.23.0                  
      -------------------------------------------------------------------

ST-LINK SN  : 0670FF485775495067203341
ST-LINK FW  : V2J48M35
Board       : NUCLEO-F446RE
Voltage     : 3.24V
SWD freq    : 4000 KHz
Connect mode: Hot Plug
Reset mode  : Software reset
Device ID   : 0x421
Revision ID : Rev A
Device name : STM32F446xx
NVM size    : 512 KBytes
Device type : MCU
Device CPU  : Cortex-M4
BL Version  : 0x90


Reading 32-bit memory content
  Size          : 12 Bytes
  Address:      : 0x2000022C
0x2000022C : 00000001 00000000 0000009E


