INFO: Could not find files for the given pattern(s).
D:\Projects\OCR\.venv-e0b\Lib\site-packages\paddle\utils\cpp_extension\extension_utils.py:712: UserWarning: No ccache found. Please be aware that recompiling all source files may be required. You can download and install ccache from: https://github.com/ccache/ccache/blob/master/doc/INSTALL.md
  warnings.warn(warning_message)
WARNING: Logging before InitGoogleLogging() is written to STDERR
I0908 06:18:16.305491  3388 onednn_context.cc:81] oneDNN v3.6.2
{"type":"feedback","code":"server_connecting","at_monotonic":61658.062,"details":{}}
{"type":"feedback","code":"screen_changed","at_monotonic":61658.078,"details":{"screen":"datapack_selection","mode":"capture"}}
{"type":"feedback","code":"speak_catalog_title","at_monotonic":61658.078,"details":{"index":0,"title":"\uc0c8 \ub370\uc774\ud130\ud329 \ucd94\uac00","kind":"new_datapack"}}
{"type":"feedback","code":"camera_opened","at_monotonic":61658.203,"details":{"source_type":"VideoFileCameraSource"}}
{"type":"feedback","code":"screen_changed","at_monotonic":61658.203,"details":{"screen":"capture","mode":"capture"}}
{"type":"feedback","code":"confirm_selection","at_monotonic":61658.203,"details":{"datapack_id":"datapack-d8c8a3d4fede4cc9856534e4d98809fa"}}
{"type":"feedback","code":"scan_started","at_monotonic":61658.203,"details":{"datapack_id":"datapack-d8c8a3d4fede4cc9856534e4d98809fa"}}
{"type":"feedback","code":"scanner_guidance","at_monotonic":61660.234,"details":{"guidance_code":"page_not_found","observations_considered":3,"stable_for_samples":3,"stable_for_ms":1000}}
{"type":"feedback","code":"scanner_guidance","at_monotonic":61667.328,"details":{"guidance_code":"content_occluded","observations_considered":3,"stable_for_samples":3,"stable_for_ms":1000}}
{"type":"feedback","code":"scanner_guidance","at_monotonic":61682.39,"details":{"guidance_code":"content_occluded","observations_considered":3,"stable_for_samples":33,"stable_for_ms":16078}}
{"type":"feedback","code":"scanner_guidance","at_monotonic":61697.593,"details":{"guidance_code":"content_occluded","observations_considered":3,"stable_for_samples":63,"stable_for_ms":31281}}
{"type":"feedback","code":"candidate_selected","at_monotonic":61705.156,"details":{"source_frame_id":"video-00000092","spread_id":"scan-bbf3d602b6fe491fa33bfc7aca23f770-spread-000001","identity_role":"candidate_verification"}}
{"type":"feedback","code":"identity_collection_started","at_monotonic":61705.156,"details":{"source_frame_id":"video-00000092","spread_id":"scan-bbf3d602b6fe491fa33bfc7aca23f770-spread-000001","identity_role":"candidate_verification","query_sample_count":5}}
{"type":"feedback","code":"identity_collection_progress","at_monotonic":61705.593,"details":{"source_frame_id":"video-00000095","spread_id":"scan-bbf3d602b6fe491fa33bfc7aca23f770-spread-000001","identity_role":"candidate_verification","valid_observations":1,"query_sample_count":5,"recognition_processing_ms":381.26180000108434,"effective_interval_ms":null}}
{"type":"feedback","code":"identity_collection_progress","at_monotonic":61705.859,"details":{"source_frame_id":"video-00000096","spread_id":"scan-bbf3d602b6fe491fa33bfc7aca23f770-spread-000001","identity_role":"candidate_verification","valid_observations":2,"query_sample_count":5,"recognition_processing_ms":202.36979999754112,"effective_interval_ms":265.99999999598367}}
{"type":"feedback","code":"identity_collection_progress","at_monotonic":61706.14,"details":{"source_frame_id":"video-00000097","spread_id":"scan-bbf3d602b6fe491fa33bfc7aca23f770-spread-000001","identity_role":"candidate_verification","valid_observations":3,"query_sample_count":5,"recognition_processing_ms":210.07269999972777,"effective_interval_ms":281.00000000267755}}
{"type":"feedback","code":"identity_collection_progress","at_monotonic":61706.375,"details":{"source_frame_id":"video-00000098","spread_id":"scan-bbf3d602b6fe491fa33bfc7aca23f770-spread-000001","identity_role":"candidate_verification","valid_observations":4,"query_sample_count":5,"recognition_processing_ms":168.67939999792725,"effective_interval_ms":235.00000000058208}}
{"type":"feedback","code":"identity_collection_progress","at_monotonic":61706.609,"details":{"source_frame_id":"video-00000099","spread_id":"scan-bbf3d602b6fe491fa33bfc7aca23f770-spread-000001","identity_role":"candidate_verification","valid_observations":5,"query_sample_count":5,"recognition_processing_ms":167.7791000038269,"effective_interval_ms":233.99999999674037}}
{"type":"feedback","code":"identity_collection_decided","at_monotonic":61706.609,"details":{"source_frame_id":"video-00000099","spread_id":"scan-bbf3d602b6fe491fa33bfc7aca23f770-spread-000001","identity_role":"candidate_verification","decision":"different","valid_observations":5,"query_sample_count":5,"timed_out":false}}
{"type":"feedback","code":"spread_sent","at_monotonic":61708.453,"details":{"sequence":1}}
{"type":"feedback","code":"identity_collection_started","at_monotonic":61708.453,"details":{"source_frame_id":"video-00000092","spread_id":"scan-bbf3d602b6fe491fa33bfc7aca23f770-spread-000001","identity_role":"page_change","query_sample_count":5}}
{"type":"feedback","code":"identity_collection_progress","at_monotonic":61708.765,"details":{"source_frame_id":"video-00000100","identity_role":"page_change","valid_observations":1,"query_sample_count":5,"recognition_processing_ms":223.0007000034675,"effective_interval_ms":2141.0000000032596}}
{"type":"feedback","code":"identity_collection_decided","at_monotonic":61708.765,"details":{"source_frame_id":"video-00000100","identity_role":"page_change","decision":"same","valid_observations":1,"query_sample_count":5,"timed_out":false}}
{"type":"feedback","code":"identity_collection_progress","at_monotonic":61709.046,"details":{"source_frame_id":"video-00000101","identity_role":"page_change","valid_observations":1,"query_sample_count":5,"recognition_processing_ms":214.53589999873657,"effective_interval_ms":296.0000000020955}}
{"type":"feedback","code":"identity_collection_decided","at_monotonic":61709.046,"details":{"source_frame_id":"video-00000101","identity_role":"page_change","decision":"same","valid_observations":1,"query_sample_count":5,"timed_out":false}}
{"type":"feedback","code":"identity_collection_progress","at_monotonic":61709.328,"details":{"source_frame_id":"video-00000102","identity_role":"page_change","valid_observations":1,"query_sample_count":5,"recognition_processing_ms":202.41749999695458,"effective_interval_ms":281.9999999992433}}
{"type":"feedback","code":"identity_collection_decided","at_monotonic":61709.328,"details":{"source_frame_id":"video-00000102","identity_role":"page_change","decision":"same","valid_observations":1,"query_sample_count":5,"timed_out":false}}
{"type":"feedback","code":"identity_collection_progress","at_monotonic":61709.625,"details":{"source_frame_id":"video-00000103","identity_role":"page_change","valid_observations":1,"query_sample_count":5,"recognition_processing_ms":217.85459999955492,"effective_interval_ms":296.9999999986612}}
{"type":"feedback","code":"identity_collection_decided","at_monotonic":61709.625,"details":{"source_frame_id":"video-00000103","identity_role":"page_change","decision":"same","valid_observations":1,"query_sample_count":5,"timed_out":false}}
{"type":"feedback","code":"identity_collection_progress","at_monotonic":61709.921,"details":{"source_frame_id":"video-00000104","identity_role":"page_change","valid_observations":1,"query_sample_count":5,"recognition_processing_ms":215.04409999761265,"effective_interval_ms":296.0000000020955}}
{"type":"feedback","code":"identity_collection_decided","at_monotonic":61709.921,"details":{"source_frame_id":"video-00000104","identity_role":"page_change","decision":"same","valid_observations":1,"query_sample_count":5,"timed_out":false}}
{"type":"feedback","code":"identity_collection_progress","at_monotonic":61710.171,"details":{"source_frame_id":"video-00000105","identity_role":"page_change","valid_observations":1,"query_sample_count":5,"recognition_processing_ms":163.12250000191852,"effective_interval_ms":250.0}}
{"type":"feedback","code":"identity_collection_decided","at_monotonic":61710.171,"details":{"source_frame_id":"video-00000105","identity_role":"page_change","decision":"same","valid_observations":1,"query_sample_count":5,"timed_out":false}}
{"type":"feedback","code":"identity_collection_progress","at_monotonic":61710.437,"details":{"source_frame_id":"video-00000106","identity_role":"page_change","valid_observations":1,"query_sample_count":5,"recognition_processing_ms":183.3383999983198,"effective_interval_ms":265.99999999598367}}
{"type":"feedback","code":"identity_collection_decided","at_monotonic":61710.437,"details":{"source_frame_id":"video-00000106","identity_role":"page_change","decision":"same","valid_observations":1,"query_sample_count":5,"timed_out":false}}
{"type":"feedback","code":"identity_collection_progress","at_monotonic":61710.703,"details":{"source_frame_id":"video-00000107","identity_role":"page_change","valid_observations":1,"query_sample_count":5,"recognition_processing_ms":181.96370000077877,"effective_interval_ms":266.00000000325963}}
{"type":"feedback","code":"identity_collection_decided","at_monotonic":61710.703,"details":{"source_frame_id":"video-00000107","identity_role":"page_change","decision":"same","valid_observations":1,"query_sample_count":5,"timed_out":false}}
{"type":"feedback","code":"identity_collection_progress","at_monotonic":61710.968,"details":{"source_frame_id":"video-00000108","identity_role":"page_change","valid_observations":1,"query_sample_count":5,"recognition_processing_ms":190.87629999557976,"effective_interval_ms":264.9999999994179}}
{"type":"feedback","code":"identity_collection_decided","at_monotonic":61710.968,"details":{"source_frame_id":"video-00000108","identity_role":"page_change","decision":"same","valid_observations":1,"query_sample_count":5,"timed_out":false}}
{"type":"feedback","code":"identity_collection_progress","at_monotonic":61711.234,"details":{"source_frame_id":"video-00000109","identity_role":"page_change","valid_observations":1,"query_sample_count":5,"recognition_processing_ms":194.67470000381581,"effective_interval_ms":265.99999999598367}}
{"type":"feedback","code":"identity_collection_decided","at_monotonic":61711.234,"details":{"source_frame_id":"video-00000109","identity_role":"page_change","decision":"same","valid_observations":1,"query_sample_count":5,"timed_out":false}}
{"type":"feedback","code":"identity_collection_progress","at_monotonic":61711.515,"details":{"source_frame_id":"video-00000110","identity_role":"page_change","valid_observations":1,"query_sample_count":5,"recognition_processing_ms":192.7088000011281,"effective_interval_ms":281.00000000267755}}
{"type":"feedback","code":"identity_collection_decided","at_monotonic":61711.515,"details":{"source_frame_id":"video-00000110","identity_role":"page_change","decision":"same","valid_observations":1,"query_sample_count":5,"timed_out":false}}
{"type":"feedback","code":"identity_collection_progress","at_monotonic":61711.75,"details":{"source_frame_id":"video-00000111","identity_role":"page_change","valid_observations":1,"query_sample_count":5,"recognition_processing_ms":159.29099999630125,"effective_interval_ms":235.00000000058208}}
{"type":"feedback","code":"identity_collection_decided","at_monotonic":61711.75,"details":{"source_frame_id":"video-00000111","identity_role":"page_change","decision":"same","valid_observations":1,"query_sample_count":5,"timed_out":false}}
{"type":"feedback","code":"identity_collection_progress","at_monotonic":61712.031,"details":{"source_frame_id":"video-00000112","identity_role":"page_change","valid_observations":1,"query_sample_count":5,"recognition_processing_ms":197.08199999877252,"effective_interval_ms":281.00000000267755}}
{"type":"feedback","code":"identity_collection_progress","at_monotonic":61712.234,"details":{"source_frame_id":"video-00000113","identity_role":"page_change","valid_observations":2,"query_sample_count":5,"recognition_processing_ms":133.1934999980149,"effective_interval_ms":202.99999999406282}}
{"type":"feedback","code":"identity_collection_progress","at_monotonic":61712.531,"details":{"source_frame_id":"video-00000114","identity_role":"page_change","valid_observations":3,"query_sample_count":5,"recognition_processing_ms":221.87319999648025,"effective_interval_ms":297.0000000059372}}
{"type":"feedback","code":"identity_collection_decided","at_monotonic":61712.531,"details":{"source_frame_id":"video-00000114","identity_role":"page_change","decision":"same","valid_observations":3,"query_sample_count":5,"timed_out":false}}
{"type":"feedback","code":"identity_collection_progress","at_monotonic":61712.843,"details":{"source_frame_id":"video-00000115","identity_role":"page_change","valid_observations":1,"query_sample_count":5,"recognition_processing_ms":232.57240000384627,"effective_interval_ms":311.99999999807915}}
{"type":"feedback","code":"identity_collection_progress","at_monotonic":61713.187,"details":{"source_frame_id":"video-00000116","identity_role":"page_change","valid_observations":2,"query_sample_count":5,"recognition_processing_ms":265.23940000333823,"effective_interval_ms":343.99999999732245}}
{"type":"feedback","code":"identity_collection_decided","at_monotonic":61713.187,"details":{"source_frame_id":"video-00000116","identity_role":"page_change","decision":"same","valid_observations":2,"query_sample_count":5,"timed_out":false}}
{"type":"feedback","code":"identity_collection_progress","at_monotonic":61713.484,"details":{"source_frame_id":"video-00000117","identity_role":"page_change","valid_observations":1,"query_sample_count":5,"recognition_processing_ms":210.0773999991361,"effective_interval_ms":296.9999999986612}}
{"type":"feedback","code":"identity_collection_decided","at_monotonic":61713.484,"details":{"source_frame_id":"video-00000117","identity_role":"page_change","decision":"same","valid_observations":1,"query_sample_count":5,"timed_out":false}}
{"type":"feedback","code":"identity_collection_progress","at_monotonic":61713.765,"details":{"source_frame_id":"video-00000118","identity_role":"page_change","valid_observations":1,"query_sample_count":5,"recognition_processing_ms":203.29800000035902,"effective_interval_ms":281.00000000267755}}
{"type":"feedback","code":"identity_collection_decided","at_monotonic":61713.765,"details":{"source_frame_id":"video-00000118","identity_role":"page_change","decision":"same","valid_observations":1,"query_sample_count":5,"timed_out":false}}
{"type":"feedback","code":"identity_collection_progress","at_monotonic":61714.078,"details":{"source_frame_id":"video-00000119","identity_role":"page_change","valid_observations":1,"query_sample_count":5,"recognition_processing_ms":232.83700000320096,"effective_interval_ms":313.00000000192085}}
{"type":"feedback","code":"identity_collection_decided","at_monotonic":61714.078,"details":{"source_frame_id":"video-00000119","identity_role":"page_change","decision":"same","valid_observations":1,"query_sample_count":5,"timed_out":false}}
{"type":"feedback","code":"identity_collection_progress","at_monotonic":61714.375,"details":{"source_frame_id":"video-00000120","identity_role":"page_change","valid_observations":1,"query_sample_count":5,"recognition_processing_ms":219.51690000423696,"effective_interval_ms":296.9999999986612}}
{"type":"feedback","code":"identity_collection_decided","at_monotonic":61714.375,"details":{"source_frame_id":"video-00000120","identity_role":"page_change","decision":"same","valid_observations":1,"query_sample_count":5,"timed_out":false}}
{"type":"feedback","code":"identity_collection_progress","at_monotonic":61714.64,"details":{"source_frame_id":"video-00000121","identity_role":"page_change","valid_observations":1,"query_sample_count":5,"recognition_processing_ms":203.37060000019846,"effective_interval_ms":264.9999999994179}}
{"type":"feedback","code":"identity_collection_decided","at_monotonic":61714.64,"details":{"source_frame_id":"video-00000121","identity_role":"page_change","decision":"same","valid_observations":1,"query_sample_count":5,"timed_out":false}}
{"type":"feedback","code":"identity_collection_progress","at_monotonic":61714.859,"details":{"source_frame_id":"video-00000122","identity_role":"page_change","valid_observations":1,"query_sample_count":5,"recognition_processing_ms":139.6722999998019,"effective_interval_ms":218.99999999732245}}
{"type":"feedback","code":"identity_collection_decided","at_monotonic":61714.859,"details":{"source_frame_id":"video-00000122","identity_role":"page_change","decision":"same","valid_observations":1,"query_sample_count":5,"timed_out":false}}
{"type":"feedback","code":"identity_collection_progress","at_monotonic":61715.125,"details":{"source_frame_id":"video-00000123","identity_role":"page_change","valid_observations":1,"query_sample_count":5,"recognition_processing_ms":185.91499999456573,"effective_interval_ms":266.00000000325963}}
{"type":"feedback","code":"identity_collection_decided","at_monotonic":61715.125,"details":{"source_frame_id":"video-00000123","identity_role":"page_change","decision":"same","valid_observations":1,"query_sample_count":5,"timed_out":false}}
{"type":"feedback","code":"identity_collection_progress","at_monotonic":61715.343,"details":{"source_frame_id":"video-00000124","identity_role":"page_change","valid_observations":1,"query_sample_count":5,"recognition_processing_ms":157.1226000014576,"effective_interval_ms":218.0000000007567}}
{"type":"feedback","code":"identity_collection_decided","at_monotonic":61715.343,"details":{"source_frame_id":"video-00000124","identity_role":"page_change","decision":"same","valid_observations":1,"query_sample_count":5,"timed_out":false}}
{"type":"feedback","code":"identity_collection_progress","at_monotonic":61715.593,"details":{"source_frame_id":"video-00000125","identity_role":"page_change","valid_observations":1,"query_sample_count":5,"recognition_processing_ms":167.92200000054436,"effective_interval_ms":250.0}}
{"type":"feedback","code":"identity_collection_decided","at_monotonic":61715.593,"details":{"source_frame_id":"video-00000125","identity_role":"page_change","decision":"same","valid_observations":1,"query_sample_count":5,"timed_out":false}}
{"type":"feedback","code":"identity_collection_progress","at_monotonic":61715.875,"details":{"source_frame_id":"video-00000126","identity_role":"page_change","valid_observations":1,"query_sample_count":5,"recognition_processing_ms":198.80140000168467,"effective_interval_ms":281.9999999992433}}
{"type":"feedback","code":"identity_collection_decided","at_monotonic":61715.875,"details":{"source_frame_id":"video-00000126","identity_role":"page_change","decision":"same","valid_observations":1,"query_sample_count":5,"timed_out":false}}
{"type":"feedback","code":"identity_collection_progress","at_monotonic":61716.187,"details":{"source_frame_id":"video-00000127","identity_role":"page_change","valid_observations":1,"query_sample_count":5,"recognition_processing_ms":242.4509000047692,"effective_interval_ms":311.99999999807915}}
{"type":"feedback","code":"identity_collection_decided","at_monotonic":61716.187,"details":{"source_frame_id":"video-00000127","identity_role":"page_change","decision":"same","valid_observations":1,"query_sample_count":5,"timed_out":false}}
{"type":"feedback","code":"identity_collection_progress","at_monotonic":61716.531,"details":{"source_frame_id":"video-00000128","identity_role":"page_change","valid_observations":1,"query_sample_count":5,"recognition_processing_ms":263.3858000044711,"effective_interval_ms":344.0000000045984}}
{"type":"feedback","code":"identity_collection_decided","at_monotonic":61716.531,"details":{"source_frame_id":"video-00000128","identity_role":"page_change","decision":"same","valid_observations":1,"query_sample_count":5,"timed_out":false}}
{"type":"feedback","code":"identity_collection_progress","at_monotonic":61716.765,"details":{"source_frame_id":"video-00000129","identity_role":"page_change","valid_observations":1,"query_sample_count":5,"recognition_processing_ms":151.82240000285674,"effective_interval_ms":233.99999999674037}}
{"type":"feedback","code":"identity_collection_decided","at_monotonic":61716.765,"details":{"source_frame_id":"video-00000129","identity_role":"page_change","decision":"same","valid_observations":1,"query_sample_count":5,"timed_out":false}}
{"type":"feedback","code":"identity_collection_progress","at_monotonic":61716.984,"details":{"source_frame_id":"video-00000130","identity_role":"page_change","valid_observations":1,"query_sample_count":5,"recognition_processing_ms":149.0912000008393,"effective_interval_ms":218.99999999732245}}
{"type":"feedback","code":"identity_collection_decided","at_monotonic":61716.984,"details":{"source_frame_id":"video-00000130","identity_role":"page_change","decision":"same","valid_observations":1,"query_sample_count":5,"timed_out":false}}
{"type":"feedback","code":"identity_collection_progress","at_monotonic":61717.218,"details":{"source_frame_id":"video-00000131","identity_role":"page_change","valid_observations":1,"query_sample_count":5,"recognition_processing_ms":165.71100000146544,"effective_interval_ms":234.00000000401633}}
{"type":"feedback","code":"identity_collection_decided","at_monotonic":61717.218,"details":{"source_frame_id":"video-00000131","identity_role":"page_change","decision":"same","valid_observations":1,"query_sample_count":5,"timed_out":false}}
{"type":"feedback","code":"identity_collection_progress","at_monotonic":61717.515,"details":{"source_frame_id":"video-00000132","identity_role":"page_change","valid_observations":1,"query_sample_count":5,"recognition_processing_ms":213.27449999807868,"effective_interval_ms":296.9999999986612}}
{"type":"feedback","code":"identity_collection_decided","at_monotonic":61717.515,"details":{"source_frame_id":"video-00000132","identity_role":"page_change","decision":"same","valid_observations":1,"query_sample_count":5,"timed_out":false}}
{"type":"feedback","code":"identity_collection_progress","at_monotonic":61717.75,"details":{"source_frame_id":"video-00000133","identity_role":"page_change","valid_observations":1,"query_sample_count":5,"recognition_processing_ms":158.9326000030269,"effective_interval_ms":235.00000000058208}}
{"type":"feedback","code":"identity_collection_decided","at_monotonic":61717.75,"details":{"source_frame_id":"video-00000133","identity_role":"page_change","decision":"same","valid_observations":1,"query_sample_count":5,"timed_out":false}}
{"type":"feedback","code":"identity_collection_progress","at_monotonic":61718.062,"details":{"source_frame_id":"video-00000134","identity_role":"page_change","valid_observations":1,"query_sample_count":5,"recognition_processing_ms":223.73330000118585,"effective_interval_ms":311.99999999807915}}
{"type":"feedback","code":"identity_collection_decided","at_monotonic":61718.062,"details":{"source_frame_id":"video-00000134","identity_role":"page_change","decision":"same","valid_observations":1,"query_sample_count":5,"timed_out":false}}
{"type":"feedback","code":"identity_collection_progress","at_monotonic":61718.328,"details":{"source_frame_id":"video-00000135","identity_role":"page_change","valid_observations":1,"query_sample_count":5,"recognition_processing_ms":177.07430000155,"effective_interval_ms":250.0}}
{"type":"feedback","code":"identity_collection_decided","at_monotonic":61718.328,"details":{"source_frame_id":"video-00000135","identity_role":"page_change","decision":"same","valid_observations":1,"query_sample_count":5,"timed_out":false}}
{"type":"feedback","code":"identity_collection_progress","at_monotonic":61718.531,"details":{"source_frame_id":"video-00000136","identity_role":"page_change","valid_observations":1,"query_sample_count":5,"recognition_processing_ms":137.37229999969713,"effective_interval_ms":219.0000000045984}}
{"type":"feedback","code":"identity_collection_progress","at_monotonic":61718.781,"details":{"source_frame_id":"video-00000137","identity_role":"page_change","valid_observations":2,"query_sample_count":5,"recognition_processing_ms":161.2500000046566,"effective_interval_ms":250.0}}
{"type":"feedback","code":"identity_collection_decided","at_monotonic":61718.781,"details":{"source_frame_id":"video-00000137","identity_role":"page_change","decision":"same","valid_observations":2,"query_sample_count":5,"timed_out":false}}
{"type":"feedback","code":"scanner_guidance","at_monotonic":61719.906,"details":{"guidance_code":"content_occluded","identity_role":"page_change","stable_for_samples":10,"stable_for_ms":1063}}
{"type":"feedback","code":"scanner_guidance","at_monotonic":61734.984,"details":{"guidance_code":"content_occluded","identity_role":"page_change","stable_for_samples":141,"stable_for_ms":16141}}
{"type":"feedback","code":"identity_collection_progress","at_monotonic":61735.265,"details":{"source_frame_id":"video-00000279","identity_role":"page_change","valid_observations":1,"query_sample_count":5,"recognition_processing_ms":167.9029000006267,"effective_interval_ms":16483.99999999674}}
{"type":"feedback","code":"identity_collection_progress","at_monotonic":61735.515,"details":{"source_frame_id":"video-00000280","identity_role":"page_change","valid_observations":2,"query_sample_count":5,"recognition_processing_ms":160.31680000014603,"effective_interval_ms":250.0}}
{"type":"feedback","code":"identity_collection_progress","at_monotonic":61739.343,"details":{"source_frame_id":"video-00000310","identity_role":"page_change","valid_observations":1,"query_sample_count":5,"recognition_processing_ms":189.71679999958724,"effective_interval_ms":3828.000000001339}}
{"type":"feedback","code":"identity_collection_progress","at_monotonic":61739.64,"details":{"source_frame_id":"video-00000311","identity_role":"page_change","valid_observations":2,"query_sample_count":5,"recognition_processing_ms":215.16949999931967,"effective_interval_ms":296.9999999986612}}
{"type":"feedback","code":"identity_collection_progress","at_monotonic":61739.953,"details":{"source_frame_id":"video-00000312","identity_role":"page_change","valid_observations":3,"query_sample_count":5,"recognition_processing_ms":225.8538000023691,"effective_interval_ms":296.9999999986612}}
{"type":"feedback","code":"identity_collection_progress","at_monotonic":61740.234,"details":{"source_frame_id":"video-00000313","identity_role":"page_change","valid_observations":4,"query_sample_count":5,"recognition_processing_ms":218.48809999937657,"effective_interval_ms":296.9999999986612}}
{"type":"feedback","code":"identity_collection_progress","at_monotonic":61740.578,"details":{"source_frame_id":"video-00000314","identity_role":"page_change","valid_observations":5,"query_sample_count":5,"recognition_processing_ms":269.88349999737693,"effective_interval_ms":344.0000000045984}}
{"type":"feedback","code":"identity_collection_decided","at_monotonic":61740.578,"details":{"source_frame_id":"video-00000314","identity_role":"page_change","decision":"different","valid_observations":5,"query_sample_count":5,"timed_out":false}}
{"type":"feedback","code":"scanner_guidance","at_monotonic":61742.875,"details":{"guidance_code":"content_occluded","observations_considered":3,"stable_for_samples":3,"stable_for_ms":1016}}
{"type":"feedback","code":"scanner_guidance","at_monotonic":61758.078,"details":{"guidance_code":"content_occluded","observations_considered":3,"stable_for_samples":33,"stable_for_ms":16235}}
{"type":"feedback","code":"scanner_guidance","at_monotonic":61765.14,"details":{"guidance_code":"page_moving","observations_considered":3,"stable_for_samples":3,"stable_for_ms":1000}}
{"type":"feedback","code":"candidate_selected","at_monotonic":61767.156,"details":{"source_frame_id":"video-00000365","spread_id":"scan-bbf3d602b6fe491fa33bfc7aca23f770-spread-000002","identity_role":"candidate_verification"}}
{"type":"feedback","code":"identity_collection_started","at_monotonic":61767.156,"details":{"source_frame_id":"video-00000365","spread_id":"scan-bbf3d602b6fe491fa33bfc7aca23f770-spread-000002","identity_role":"candidate_verification","query_sample_count":5}}
{"type":"feedback","code":"identity_collection_progress","at_monotonic":61767.39,"details":{"source_frame_id":"video-00000368","spread_id":"scan-bbf3d602b6fe491fa33bfc7aca23f770-spread-000002","identity_role":"candidate_verification","valid_observations":1,"query_sample_count":5,"recognition_processing_ms":165.91880000487436,"effective_interval_ms":344.0000000045984}}
{"type":"feedback","code":"identity_collection_progress","at_monotonic":61767.656,"details":{"source_frame_id":"video-00000369","spread_id":"scan-bbf3d602b6fe491fa33bfc7aca23f770-spread-000002","identity_role":"candidate_verification","valid_observations":2,"query_sample_count":5,"recognition_processing_ms":197.14969999768073,"effective_interval_ms":266.00000000325963}}
{"type":"feedback","code":"identity_collection_progress","at_monotonic":61767.937,"details":{"source_frame_id":"video-00000370","spread_id":"scan-bbf3d602b6fe491fa33bfc7aca23f770-spread-000002","identity_role":"candidate_verification","valid_observations":3,"query_sample_count":5,"recognition_processing_ms":210.0023000020883,"effective_interval_ms":280.9999999954016}}
{"type":"feedback","code":"identity_collection_progress","at_monotonic":61768.218,"details":{"source_frame_id":"video-00000371","spread_id":"scan-bbf3d602b6fe491fa33bfc7aca23f770-spread-000002","identity_role":"candidate_verification","valid_observations":4,"query_sample_count":5,"recognition_processing_ms":218.006900002365,"effective_interval_ms":281.00000000267755}}
{"type":"feedback","code":"identity_collection_progress","at_monotonic":61768.453,"details":{"source_frame_id":"video-00000372","spread_id":"scan-bbf3d602b6fe491fa33bfc7aca23f770-spread-000002","identity_role":"candidate_verification","valid_observations":5,"query_sample_count":5,"recognition_processing_ms":161.1568999942392,"effective_interval_ms":235.00000000058208}}
{"type":"feedback","code":"identity_collection_decided","at_monotonic":61768.453,"details":{"source_frame_id":"video-00000372","spread_id":"scan-bbf3d602b6fe491fa33bfc7aca23f770-spread-000002","identity_role":"candidate_verification","decision":"different","valid_observations":5,"query_sample_count":5,"timed_out":false}}
{"type":"feedback","code":"spread_sent","at_monotonic":61770.265,"details":{"sequence":2}}
{"type":"feedback","code":"identity_collection_started","at_monotonic":61770.265,"details":{"source_frame_id":"video-00000365","spread_id":"scan-bbf3d602b6fe491fa33bfc7aca23f770-spread-000002","identity_role":"page_change","query_sample_count":5}}
{"type":"feedback","code":"identity_collection_progress","at_monotonic":61770.546,"details":{"source_frame_id":"video-00000373","identity_role":"page_change","valid_observations":1,"query_sample_count":5,"recognition_processing_ms":200.93569999880856,"effective_interval_ms":2093.0000000007567}}
{"type":"feedback","code":"identity_collection_decided","at_monotonic":61770.546,"details":{"source_frame_id":"video-00000373","identity_role":"page_change","decision":"same","valid_observations":1,"query_sample_count":5,"timed_out":false}}
{"type":"feedback","code":"identity_collection_progress","at_monotonic":61770.828,"details":{"source_frame_id":"video-00000374","identity_role":"page_change","valid_observations":1,"query_sample_count":5,"recognition_processing_ms":200.0432999993791,"effective_interval_ms":281.9999999992433}}
{"type":"feedback","code":"identity_collection_decided","at_monotonic":61770.828,"details":{"source_frame_id":"video-00000374","identity_role":"page_change","decision":"same","valid_observations":1,"query_sample_count":5,"timed_out":false}}
{"type":"feedback","code":"identity_collection_progress","at_monotonic":61771.109,"details":{"source_frame_id":"video-00000375","identity_role":"page_change","valid_observations":1,"query_sample_count":5,"recognition_processing_ms":208.48079999996116,"effective_interval_ms":280.9999999954016}}
{"type":"feedback","code":"identity_collection_decided","at_monotonic":61771.109,"details":{"source_frame_id":"video-00000375","identity_role":"page_change","decision":"same","valid_observations":1,"query_sample_count":5,"timed_out":false}}
{"type":"feedback","code":"scanner_guidance","at_monotonic":61772.968,"details":{"guidance_code":"page_not_found","identity_role":"page_change","stable_for_samples":10,"stable_for_ms":1000}}
{"type":"feedback","code":"scanner_guidance","at_monotonic":61774.656,"details":{"guidance_code":"content_occluded","identity_role":"page_change","stable_for_samples":10,"stable_for_ms":1000}}
{"type":"feedback","code":"scan_input_exhausted","at_monotonic":61781.171,"details":{"queued_count":2,"acked_count":2}}
{"type":"feedback","code":"scan_stopping","at_monotonic":61781.187,"details":{"through_sequence":2}}
{"type":"feedback","code":"finalizing","at_monotonic":61781.218,"details":{}}
{"type":"feedback","code":"datapack_saved","at_monotonic":61891.125,"details":{"datapack_id":"datapack-d8c8a3d4fede4cc9856534e4d98809fa","revision":1}}
{"type":"feedback","code":"screen_changed","at_monotonic":61891.296,"details":{"screen":"datapack_selection","mode":"capture"}}
{"type":"feedback","code":"speak_catalog_title","at_monotonic":61891.296,"details":{"index":0,"title":"\uc0c8 \ub370\uc774\ud130\ud329 2026-09-08 06:18 #01","kind":"existing","title_audio_ref":"s0-system-audio:50e98d76020933eb62796ec5f5372ed5"}}
{"type":"feedback","code":"operating_mode_changed","at_monotonic":61891.312,"details":{"mode":"reading"}}
{"type":"feedback","code":"screen_changed","at_monotonic":61891.312,"details":{"screen":"datapack_selection","mode":"reading"}}
{"type":"feedback","code":"speak_catalog_title","at_monotonic":61891.312,"details":{"index":0,"title":"\uc0c8 \ub370\uc774\ud130\ud329 2026-09-08 06:18 #01","kind":"existing","title_audio_ref":"s0-system-audio:50e98d76020933eb62796ec5f5372ed5"}}
{"type":"feedback","code":"screen_changed","at_monotonic":61891.375,"details":{"screen":"reading","mode":"reading"}}
{"type":"feedback","code":"reading_resumed","at_monotonic":61891.39,"details":{"braille_offset":0,"document_id":"datapack-d8c8a3d4fede4cc9856534e4d98809fa","focus_item_id":"pg-f6b50fe25b44-00000001-L-vl001","generation":0,"math_span_index":0,"mode":"DOCUMENT","node_index":0,"page_id":"pg-f6b50fe25b44-00000001-L","page_index":0,"table_column":null,"table_row":null}}
{"type":"reading_snapshot","reading_session_id":"reading-bd72f2834c614ba7aea52448b67513d5","datapack_id":"datapack-d8c8a3d4fede4cc9856534e4d98809fa","cursor":{"braille_offset":0,"document_id":"datapack-d8c8a3d4fede4cc9856534e4d98809fa","focus_item_id":"pg-f6b50fe25b44-00000001-L-vl001","generation":0,"math_span_index":0,"mode":"DOCUMENT","node_index":0,"page_id":"pg-f6b50fe25b44-00000001-L","page_index":0,"table_column":null,"table_row":null},"source_text":"www.etsi.com","spoken_text":"www.etsi.com","braille_cells":[],"audio_ref":"s0-audio:0b46ddb6b3b13d816b9880f34e7517d1"}
{"type":"reading_snapshot","reading_session_id":"reading-bd72f2834c614ba7aea52448b67513d5","datapack_id":"datapack-d8c8a3d4fede4cc9856534e4d98809fa","cursor":{"braille_offset":0,"document_id":"datapack-d8c8a3d4fede4cc9856534e4d98809fa","focus_item_id":"pg-f6b50fe25b44-00000001-L-vl002","generation":1,"math_span_index":0,"mode":"DOCUMENT","node_index":1,"page_id":"pg-f6b50fe25b44-00000001-L","page_index":0,"table_column":null,"table_row":null},"source_text":"[26008-0042]","spoken_text":"[26008-0042]","braille_cells":[],"audio_ref":"s0-audio:34321fe6b4f966b40d1a98de2b308496"}
{"type":"reading_snapshot","reading_session_id":"reading-bd72f2834c614ba7aea52448b67513d5","datapack_id":"datapack-d8c8a3d4fede4cc9856534e4d98809fa","cursor":{"braille_offset":0,"document_id":"datapack-d8c8a3d4fede4cc9856534e4d98809fa","focus_item_id":"pg-f6b50fe25b44-00000001-L-vl003-L01","generation":2,"math_span_index":0,"mode":"DOCUMENT","node_index":2,"page_id":"pg-f6b50fe25b44-00000001-L","page_index":0,"table_column":null,"table_row":null},"source_text":"1 지수함수 f(x)=2^{-x}에 대하여 함수 y=f(x)의 그래프가 y축과 만나는 점을 A, 직선 x=2와 만나는 점을 B라 할 때, 선분 AB의 길이는?","spoken_text":"1 지수함수 에프 괄호 열고 엑스 괄호 닫고는 2의 음수 엑스 제곱과 같다 에 대하여 함수 와이는 에프 괄호 열고 엑스 괄호 닫고와 같다 의 그래프가 와이축과 만나는 점을 에이, 직선 엑스는 2와 같다 와 만나는 점을 비라 할 때, 선분 AB의 길이는?","braille_cells":[11,38,45,52,18,18,60,3,24,20],"audio_ref":"s0-audio:37dbc147a665ec81cd1caf768abc096a"}
{"type":"reading_snapshot","reading_session_id":"reading-bd72f2834c614ba7aea52448b67513d5","datapack_id":"datapack-d8c8a3d4fede4cc9856534e4d98809fa","cursor":{"braille_offset":0,"document_id":"datapack-d8c8a3d4fede4cc9856534e4d98809fa","focus_item_id":"pg-f6b50fe25b44-00000001-R-vl001","generation":3,"math_span_index":0,"mode":"DOCUMENT","node_index":0,"page_id":"pg-f6b50fe25b44-00000001-R","page_index":1,"table_column":null,"table_row":null},"source_text":"(2)동차 연립 일차 방정식 Ax=0의 해는 자명한 해뿐이다.","spoken_text":"(2)동차 연립 일차 방정식 Ax=0의 해는 자명한 해뿐이다.","braille_cells":[],"audio_ref":"s0-audio:355ac4e0e1b122f2a03b99dfe0804016"}
{"type":"reading_snapshot","reading_session_id":"reading-bd72f2834c614ba7aea52448b67513d5","datapack_id":"datapack-d8c8a3d4fede4cc9856534e4d98809fa","cursor":{"braille_offset":0,"document_id":"datapack-d8c8a3d4fede4cc9856534e4d98809fa","focus_item_id":"pg-f6b50fe25b44-00000001-R-vl002","generation":4,"math_span_index":0,"mode":"DOCUMENT","node_index":1,"page_id":"pg-f6b50fe25b44-00000001-R","page_index":1,"table_column":null,"table_row":null},"source_text":"(3)연립 일차 방정식 Ax=b는 모든 벡터 b에 대해 유일한 해가 존재한다.","spoken_text":"(3)연립 일차 방정식 Ax=비는 모든 벡터 비에 대해 유일한 해가 존재한다.","braille_cells":[],"audio_ref":"s0-audio:8d1eb24a5754eed41050243e96aedad6"}
{"type":"reading_snapshot","reading_session_id":"reading-bd72f2834c614ba7aea52448b67513d5","datapack_id":"datapack-d8c8a3d4fede4cc9856534e4d98809fa","cursor":{"braille_offset":0,"document_id":"datapack-d8c8a3d4fede4cc9856534e4d98809fa","focus_item_id":"pg-f6b50fe25b44-00000001-R-vl003","generation":5,"math_span_index":0,"mode":"DOCUMENT","node_index":2,"page_id":"pg-f6b50fe25b44-00000001-R","page_index":1,"table_column":null,"table_row":null},"source_text":"(4) A는 항등 행렬 In과 행 동치이다.","spoken_text":"(4) 에이는 항등 행렬 In과 행 동치이다.","braille_cells":[],"audio_ref":"s0-audio:b709202a4c5781b9314ebfa16e1b7ff0"}
{"type":"reading_snapshot","reading_session_id":"reading-bd72f2834c614ba7aea52448b67513d5","datapack_id":"datapack-d8c8a3d4fede4cc9856534e4d98809fa","cursor":{"braille_offset":0,"document_id":"datapack-d8c8a3d4fede4cc9856534e4d98809fa","focus_item_id":"pg-f6b50fe25b44-00000001-R-vl004","generation":6,"math_span_index":0,"mode":"DOCUMENT","node_index":3,"page_id":"pg-f6b50fe25b44-00000001-R","page_index":1,"table_column":null,"table_row":null},"source_text":"증명 (2)와 (4)가 동치임을 증명하고 나머지는 연습 문제로 남긴다.","spoken_text":"증명 (2)와 (4)가 동치임을 증명하고 나머지는 연습 문제로 남긴다.","braille_cells":[],"audio_ref":"s0-audio:17b2038153767cc5b5c247d1039ffa58"}
{"type":"reading_snapshot","reading_session_id":"reading-bd72f2834c614ba7aea52448b67513d5","datapack_id":"datapack-d8c8a3d4fede4cc9856534e4d98809fa","cursor":{"braille_offset":0,"document_id":"datapack-d8c8a3d4fede4cc9856534e4d98809fa","focus_item_id":"pg-f6b50fe25b44-00000001-R-vl005","generation":7,"math_span_index":0,"mode":"DOCUMENT","node_index":4,"page_id":"pg-f6b50fe25b44-00000001-R","page_index":1,"table_column":null,"table_row":null},"source_text":"(2)가 성립한다고 가정하면, 즉 Ax=0의 해가 자명한 해 x=0뿐이면, 다음 연립 방정식의 유일한 해는 자명한 해이다.","spoken_text":"(2)가 성립한다고 가정하면, 즉 Ax=0의 해가 자명한 해 엑스=0뿐이면, 다음 연립 방정식의 유일한 해는 자명한 해이다.","braille_cells":[],"audio_ref":"s0-audio:06a2d3b3550b1b2da018761555c1a144"}
{"type":"reading_snapshot","reading_session_id":"reading-bd72f2834c614ba7aea52448b67513d5","datapack_id":"datapack-d8c8a3d4fede4cc9856534e4d98809fa","cursor":{"braille_offset":0,"document_id":"datapack-d8c8a3d4fede4cc9856534e4d98809fa","focus_item_id":"pg-f6b50fe25b44-00000001-R-vl006","generation":8,"math_span_index":0,"mode":"DOCUMENT","node_index":5,"page_id":"pg-f6b50fe25b44-00000001-R","page_index":1,"table_column":null,"table_row":null},"source_text":"\\begin{cases}a_{11}x_{1}+a_{12}x_{2}+\\cdots+a_{1n}x_{n}=0\\\\a_{11}x_{1}+a_{12}x_{2}+\\cdots+a_{1n}x_{n}=0\\\\\\quad\\vdots\\quad\\vdots\\quad\\vdots\\quad\\vdots\\\\a_{n1}x_{1}+a_{n2}x_{2}+\\cdots+a_{nn}x_{n}=0\\end{cases}","spoken_text":"수식 인식이 불확실합니다.","braille_cells":[],"audio_ref":"s0-audio:4c76401baee9446156eacc16cb710417"}
{"type":"reading_snapshot","reading_session_id":"reading-bd72f2834c614ba7aea52448b67513d5","datapack_id":"datapack-d8c8a3d4fede4cc9856534e4d98809fa","cursor":{"braille_offset":0,"document_id":"datapack-d8c8a3d4fede4cc9856534e4d98809fa","focus_item_id":"pg-f6b50fe25b44-00000001-R-vl007","generation":9,"math_span_index":0,"mode":"DOCUMENT","node_index":6,"page_id":"pg-f6b50fe25b44-00000001-R","page_index":1,"table_column":null,"table_row":null},"source_text":"A가  I_{n}과 행 동치가 아니라면, 확대 행렬로 바꾸었을 때 0만으로 이루어진 행이 적어도 하나 있어야 한다. 즉, 마지막 행이 0만으로 이루어져 있으면, 마지막 방정식은 0=0이다. 그러면 이 동차 선형 연립 방정식은 변수가 n개인 n-1개의 일차 방정식으로 이루어진 연립 방정식이므로 해가 무수히 많다. 그러나 x=0이 방정식 (1)의 유일한 해이므로, 이는 모순이다. 그러므로 A와  I_{n}은 행 동치이다.","spoken_text":"에이가 아이 아래첨자 엔 과 행 동치가 아니라면, 확대 행렬로 바꾸었을 때 0만으로 이루어진 행이 적어도 하나 있어야 한다. 즉, 마지막 행이 0만으로 이루어져 있으면, 마지막 방정식은 0=0이다. 그러면 이 동차 선형 연립 방정식은 변수가 엔개인 엔-1개의 일차 방정식으로 이루어진 연립 방정식이므로 해가 무수히 많다. 그러나 엑스=0이 방정식 (1)의 유일한 해이므로, 이는 모순이다. 그러므로 에이와 아이 아래첨자 엔 은 행 동치이다.","braille_cells":[32,10,48,29],"audio_ref":"s0-audio:2c25b3f4d4bedb6a43f76dfabdcbd017"}
{"type":"reading_snapshot","reading_session_id":"reading-bd72f2834c614ba7aea52448b67513d5","datapack_id":"datapack-d8c8a3d4fede4cc9856534e4d98809fa","cursor":{"braille_offset":0,"document_id":"datapack-d8c8a3d4fede4cc9856534e4d98809fa","focus_item_id":"pg-f6b50fe25b44-00000002-L-vl001","generation":10,"math_span_index":0,"mode":"DOCUMENT","node_index":0,"page_id":"pg-f6b50fe25b44-00000002-L","page_index":2,"table_column":null,"table_row":null},"source_text":"결의하자","spoken_text":"결의하자","braille_cells":[],"audio_ref":"s0-audio:8521ae9b8d41d4228ff660e99b528589"}
{"type":"reading_snapshot","reading_session_id":"reading-bd72f2834c614ba7aea52448b67513d5","datapack_id":"datapack-d8c8a3d4fede4cc9856534e4d98809fa","cursor":{"braille_offset":0,"document_id":"datapack-d8c8a3d4fede4cc9856534e4d98809fa","focus_item_id":"pg-f6b50fe25b44-00000002-L-vl002","generation":11,"math_span_index":0,"mode":"DOCUMENT","node_index":1,"page_id":"pg-f6b50fe25b44-00000002-L","page_index":2,"table_column":null,"table_row":null},"source_text":"\\varpi_{1}=T(\\boldsymbol{e}_{1}),\\varpi_{2}=T(\\boldsymbol{e}_{2}),\\cdots,\\varpi_{n}=T(\\boldsymbol{e}_{n})","spoken_text":"일부 기호 인식이 불확실합니다. 인식할 수 없는 기호 아래첨자 1은 티 괄호 열고 이 아래첨자 1 괄호 닫고와 같다, 인식할 수 없는 기호 아래첨자 2는 티 괄호 열고 이 아래첨자 2 괄호 닫고와 같다, 인식할 수 없는 기호, 인식할 수 없는 기호 아래첨자 엔은 티 괄호 열고 이 아래첨자 엔 괄호 닫고와 같다","braille_cells":[],"audio_ref":"s0-audio:d703b6ad7cd6dd59467098c6c2096d2f"}
{"type":"reading_snapshot","reading_session_id":"reading-bd72f2834c614ba7aea52448b67513d5","datapack_id":"datapack-d8c8a3d4fede4cc9856534e4d98809fa","cursor":{"braille_offset":0,"document_id":"datapack-d8c8a3d4fede4cc9856534e4d98809fa","focus_item_id":"pg-f6b50fe25b44-00000002-L-vl003","generation":12,"math_span_index":0,"mode":"DOCUMENT","node_index":2,"page_id":"pg-f6b50fe25b44-00000002-L","page_index":2,"table_column":null,"table_row":null},"source_text":"A_{j}를 각 w, 를 제일 열로 하는 m \\times n 행렬이라 하면, i=1,2,\\cdots,n에 대해 A_{j}e_{i}, w_{i}이다. 그러면 R”의 입의의 벽터 x=x_{1}e_{1}+x_{2}e_{2}+\\cdots+x_{n}e_{n}의 T에 의한 상존 다음과 같다.","spoken_text":"에이 아래첨자 제이 를 각 더블유, 를 제일 열로 하는 엠 엔 행렬이라 하면, 일부 기호 인식이 불확실합니다. 아이는 1과 같다, 2, 인식할 수 없는 기호, 엔 에 대해 에이 아래첨자 제이 이 아래첨자 아이 , 더블유 아래첨자 아이 이다. 그러면 알 ”의 입의의 벽터 일부 기호 인식이 불확실합니다. 엑스는 엑스 아래첨자 1 이 아래첨자 1 더하기 엑스 아래첨자 2 이 아래첨자 2 더하기 인식할 수 없는 기호 더하기 엑스 아래첨자 엔 이 아래첨자 엔과 같다 의 티 에 의한 상존 다음과 같다.","braille_cells":[32,1,48,26],"audio_ref":"s0-audio:5452909f916e888e175a1e5c5ea80809"}
{"type":"reading_snapshot","reading_session_id":"reading-bd72f2834c614ba7aea52448b67513d5","datapack_id":"datapack-d8c8a3d4fede4cc9856534e4d98809fa","cursor":{"braille_offset":0,"document_id":"datapack-d8c8a3d4fede4cc9856534e4d98809fa","focus_item_id":"pg-f6b50fe25b44-00000002-R-vl001","generation":13,"math_span_index":0,"mode":"DOCUMENT","node_index":0,"page_id":"pg-f6b50fe25b44-00000002-R","page_index":3,"table_column":null,"table_row":null},"source_text":"일차 변환 T: \\mathbb{R}^n \\to \\mathbb{R}^m의 변환 행렬이 A_T = (a_{ij})_{m \\times n}이면 x = (x_1, x_2, \\cdots, x_n) \\in \\mathbb{R}^n, y = (y_1, y_2, \\cdots, y_m) \\in \\mathbb{R}^m에 대해 T는 다음 연립 일차 방정식으로 표현할 수 있다.","spoken_text":"일차 변환 수식 인식이 불확실합니다. 의 변환 행렬이 에이 아래첨자 티는 괄호 열고 에이 아래첨자 아이 제이 괄호 닫고 아래첨자 엠 엔과 같다 이면 수식 인식이 불확실합니다. , 수식 인식이 불확실합니다. 에 대해 티 는 다음 연립 일차 방정식으로 표현할 수 있다.","braille_cells":[],"audio_ref":"s0-audio:1a27c7230052ddc12ea7d55db68adf31"}
{"type":"reading_snapshot","reading_session_id":"reading-bd72f2834c614ba7aea52448b67513d5","datapack_id":"datapack-d8c8a3d4fede4cc9856534e4d98809fa","cursor":{"braille_offset":0,"document_id":"datapack-d8c8a3d4fede4cc9856534e4d98809fa","focus_item_id":"pg-f6b50fe25b44-00000002-R-vl002","generation":14,"math_span_index":0,"mode":"DOCUMENT","node_index":1,"page_id":"pg-f6b50fe25b44-00000002-R","page_index":3,"table_column":null,"table_row":null},"source_text":"\\left\\{\\begin{array}{l}\\bar{y}_{1}=a_{11}x_{1}+a_{12}x_{2}+\\cdots+a_{1n}x_{n}\\\\ \\bar{y}_{2}=a_{21}x_{1}+a_{22}x_{2}+\\cdots+a_{2n}x_{n}\\\\ \\bar{y}_{3}=a_{31}x_{1}+a_{32}x_{2}+\\cdots+a_{3n}x_{n}\\\\ \\vdots\\quad\\vdots\\quad\\vdots\\quad\\vdots\\\\ \\bar{y}_{m}=a_{m1}x_{1}+a_{m2}x_{2}+\\cdots+a_{m n}x_{n}\\end{array}\\right.","spoken_text":"수식 인식이 불확실합니다.","braille_cells":[],"audio_ref":"s0-audio:4c76401baee9446156eacc16cb710417"}
{"type":"reading_snapshot","reading_session_id":"reading-bd72f2834c614ba7aea52448b67513d5","datapack_id":"datapack-d8c8a3d4fede4cc9856534e4d98809fa","cursor":{"braille_offset":0,"document_id":"datapack-d8c8a3d4fede4cc9856534e4d98809fa","focus_item_id":"pg-f6b50fe25b44-00000002-R-vl003","generation":15,"math_span_index":0,"mode":"DOCUMENT","node_index":2,"page_id":"pg-f6b50fe25b44-00000002-R","page_index":3,"table_column":null,"table_row":null},"source_text":"대제 11.5-8 다음 연립 일차 방정식에 의해 정의된 일차 변환 T: R^{4} \\rightarrow R^{3}의 변환 행렬 A_{T}를 찾고, (1,-1,0,2) \\in \\mathbb{R}^{4}의 상을 찾아라.","spoken_text":"대제 11.5-8 다음 연립 일차 방정식에 의해 정의된 일차 변환 티: 알^{4} \\rightarrow 알^{3}의 변환 행렬 에이_{티}를 찾고, (1,-1,0,2) \\in \\mathbb{알}^{4}의 상을 찾아라.","braille_cells":[],"audio_ref":"s0-audio:34601f6d9df4fd388359ba47e6e9fc98"}
{"type":"reading_snapshot","reading_session_id":"reading-bd72f2834c614ba7aea52448b67513d5","datapack_id":"datapack-d8c8a3d4fede4cc9856534e4d98809fa","cursor":{"braille_offset":0,"document_id":"datapack-d8c8a3d4fede4cc9856534e4d98809fa","focus_item_id":"pg-f6b50fe25b44-00000002-R-vl004","generation":16,"math_span_index":0,"mode":"DOCUMENT","node_index":3,"page_id":"pg-f6b50fe25b44-00000002-R","page_index":3,"table_column":null,"table_row":null},"source_text":"\\left\\{\\begin{array}{l}y_{1}=2x_{1}-3x_{2}+4x_{3}-x_{4}\\\\ y_{2}=3x_{1}+5x_{2}+x_{3}+2x_{4}\\\\ y_{3}=x_{1}+4x_{2}-2x_{3}\\end{array}\\right.","spoken_text":"괄호 열고 첫 번째 식, 와이 아래첨자 1은 2 엑스 아래첨자 1 빼기 3 엑스 아래첨자 2 더하기 4 엑스 아래첨자 3 빼기 엑스 아래첨자 4와 같다, 두 번째 식, 와이 아래첨자 2는 3 엑스 아래첨자 1 더하기 5 엑스 아래첨자 2 더하기 엑스 아래첨자 3 더하기 2 엑스 아래첨자 4와 같다, 세 번째 식, 와이 아래첨자 3은 엑스 아래첨자 1 더하기 4 엑스 아래첨자 2 빼기 2 엑스 아래첨자 3과 같다 괄호 닫고","braille_cells":[54,55,60,1,62,61,48,60,1,18],"audio_ref":"s0-audio:d39eef794b84ccc17de9d9307bf46533"}
{"type":"reading_snapshot","reading_session_id":"reading-bd72f2834c614ba7aea52448b67513d5","datapack_id":"datapack-d8c8a3d4fede4cc9856534e4d98809fa","cursor":{"braille_offset":0,"document_id":"datapack-d8c8a3d4fede4cc9856534e4d98809fa","focus_item_id":"pg-f6b50fe25b44-00000002-L-vl001","generation":17,"math_span_index":0,"mode":"DOCUMENT","node_index":0,"page_id":"pg-f6b50fe25b44-00000002-L","page_index":2,"table_column":null,"table_row":null},"source_text":"결의하자","spoken_text":"결의하자","braille_cells":[],"audio_ref":"s0-audio:8521ae9b8d41d4228ff660e99b528589"}
