INFO: Could not find files for the given pattern(s).
D:\Projects\OCR\.venv-e0b\Lib\site-packages\paddle\utils\cpp_extension\extension_utils.py:712: UserWarning: No ccache found. Please be aware that recompiling all source files may be required. You can download and install ccache from: https://github.com/ccache/ccache/blob/master/doc/INSTALL.md
  warnings.warn(warning_message)
WARNING: Logging before InitGoogleLogging() is written to STDERR
I0908 09:25:18.455435  7820 onednn_context.cc:81] oneDNN v3.6.2
{"type":"feedback","code":"server_connecting","at_monotonic":72880.187,"details":{}}
{"type":"feedback","code":"screen_changed","at_monotonic":72880.203,"details":{"screen":"datapack_selection","mode":"capture"}}
{"type":"feedback","code":"speak_catalog_title","at_monotonic":72880.203,"details":{"index":0,"title":"\uc0c8 \ub370\uc774\ud130\ud329 \ucd94\uac00","kind":"new_datapack"}}
{"type":"feedback","code":"camera_opened","at_monotonic":72880.281,"details":{"source_type":"VideoFileCameraSource"}}
{"type":"feedback","code":"screen_changed","at_monotonic":72880.281,"details":{"screen":"capture","mode":"capture"}}
{"type":"feedback","code":"confirm_selection","at_monotonic":72880.281,"details":{"datapack_id":"datapack-a9ba6a70b86f4ec1be5438da030739d4"}}
{"type":"feedback","code":"scan_started","at_monotonic":72880.281,"details":{"datapack_id":"datapack-a9ba6a70b86f4ec1be5438da030739d4"}}
{"type":"feedback","code":"scanner_guidance","at_monotonic":72882.328,"details":{"guidance_code":"page_not_found","observations_considered":3,"stable_for_samples":3,"stable_for_ms":1000}}
{"type":"feedback","code":"scanner_guidance","at_monotonic":72889.375,"details":{"guidance_code":"content_occluded","observations_considered":3,"stable_for_samples":3,"stable_for_ms":1000}}
{"type":"feedback","code":"scanner_guidance","at_monotonic":72904.421,"details":{"guidance_code":"content_occluded","observations_considered":3,"stable_for_samples":33,"stable_for_ms":16047}}
{"type":"feedback","code":"scanner_guidance","at_monotonic":72919.5,"details":{"guidance_code":"content_occluded","observations_considered":3,"stable_for_samples":63,"stable_for_ms":31140}}
{"type":"feedback","code":"candidate_selected","at_monotonic":72927.156,"details":{"source_frame_id":"video-00000092","spread_id":"scan-8b6c3b74bbf14ede90b8fa1798eb8dbf-spread-000001","identity_role":"candidate_verification"}}
{"type":"feedback","code":"identity_collection_started","at_monotonic":72927.156,"details":{"source_frame_id":"video-00000092","spread_id":"scan-8b6c3b74bbf14ede90b8fa1798eb8dbf-spread-000001","identity_role":"candidate_verification","query_sample_count":5}}
{"type":"feedback","code":"identity_collection_progress","at_monotonic":72927.468,"details":{"source_frame_id":"video-00000095","spread_id":"scan-8b6c3b74bbf14ede90b8fa1798eb8dbf-spread-000001","identity_role":"candidate_verification","valid_observations":1,"query_sample_count":5,"recognition_processing_ms":249.098900007084,"effective_interval_ms":null}}
{"type":"feedback","code":"identity_collection_progress","at_monotonic":72927.734,"details":{"source_frame_id":"video-00000096","spread_id":"scan-8b6c3b74bbf14ede90b8fa1798eb8dbf-spread-000001","identity_role":"candidate_verification","valid_observations":2,"query_sample_count":5,"recognition_processing_ms":202.445799994166,"effective_interval_ms":266.00000000325963}}
{"type":"feedback","code":"identity_collection_progress","at_monotonic":72927.984,"details":{"source_frame_id":"video-00000097","spread_id":"scan-8b6c3b74bbf14ede90b8fa1798eb8dbf-spread-000001","identity_role":"candidate_verification","valid_observations":3,"query_sample_count":5,"recognition_processing_ms":192.87129999429453,"effective_interval_ms":250.0}}
{"type":"feedback","code":"identity_collection_progress","at_monotonic":72928.218,"details":{"source_frame_id":"video-00000098","spread_id":"scan-8b6c3b74bbf14ede90b8fa1798eb8dbf-spread-000001","identity_role":"candidate_verification","valid_observations":4,"query_sample_count":5,"recognition_processing_ms":169.2653999925824,"effective_interval_ms":233.99999999674037}}
{"type":"feedback","code":"identity_collection_progress","at_monotonic":72928.453,"details":{"source_frame_id":"video-00000099","spread_id":"scan-8b6c3b74bbf14ede90b8fa1798eb8dbf-spread-000001","identity_role":"candidate_verification","valid_observations":5,"query_sample_count":5,"recognition_processing_ms":163.10170000360813,"effective_interval_ms":235.00000000058208}}
{"type":"feedback","code":"identity_collection_decided","at_monotonic":72928.453,"details":{"source_frame_id":"video-00000099","spread_id":"scan-8b6c3b74bbf14ede90b8fa1798eb8dbf-spread-000001","identity_role":"candidate_verification","decision":"different","valid_observations":5,"query_sample_count":5,"timed_out":false}}
{"type":"feedback","code":"spread_sent","at_monotonic":72930.187,"details":{"sequence":1}}
{"type":"feedback","code":"identity_collection_started","at_monotonic":72930.187,"details":{"source_frame_id":"video-00000092","spread_id":"scan-8b6c3b74bbf14ede90b8fa1798eb8dbf-spread-000001","identity_role":"page_change","query_sample_count":5}}
{"type":"feedback","code":"identity_collection_progress","at_monotonic":72930.437,"details":{"source_frame_id":"video-00000100","identity_role":"page_change","valid_observations":1,"query_sample_count":5,"recognition_processing_ms":171.65879999811295,"effective_interval_ms":1984.0000000112923}}
{"type":"feedback","code":"identity_collection_decided","at_monotonic":72930.437,"details":{"source_frame_id":"video-00000100","identity_role":"page_change","decision":"same","valid_observations":1,"query_sample_count":5,"timed_out":false}}
{"type":"feedback","code":"identity_collection_progress","at_monotonic":72930.734,"details":{"source_frame_id":"video-00000101","identity_role":"page_change","valid_observations":1,"query_sample_count":5,"recognition_processing_ms":216.07769999536686,"effective_interval_ms":296.99999999138527}}
{"type":"feedback","code":"identity_collection_decided","at_monotonic":72930.734,"details":{"source_frame_id":"video-00000101","identity_role":"page_change","decision":"same","valid_observations":1,"query_sample_count":5,"timed_out":false}}
{"type":"feedback","code":"identity_collection_progress","at_monotonic":72931.078,"details":{"source_frame_id":"video-00000102","identity_role":"page_change","valid_observations":1,"query_sample_count":5,"recognition_processing_ms":266.11460000276566,"effective_interval_ms":343.99999999732245}}
{"type":"feedback","code":"identity_collection_decided","at_monotonic":72931.078,"details":{"source_frame_id":"video-00000102","identity_role":"page_change","decision":"same","valid_observations":1,"query_sample_count":5,"timed_out":false}}
{"type":"feedback","code":"identity_collection_progress","at_monotonic":72931.328,"details":{"source_frame_id":"video-00000103","identity_role":"page_change","valid_observations":1,"query_sample_count":5,"recognition_processing_ms":163.9080000022659,"effective_interval_ms":250.0}}
{"type":"feedback","code":"identity_collection_decided","at_monotonic":72931.328,"details":{"source_frame_id":"video-00000103","identity_role":"page_change","decision":"same","valid_observations":1,"query_sample_count":5,"timed_out":false}}
{"type":"feedback","code":"identity_collection_progress","at_monotonic":72931.578,"details":{"source_frame_id":"video-00000104","identity_role":"page_change","valid_observations":1,"query_sample_count":5,"recognition_processing_ms":173.86319999059197,"effective_interval_ms":250.0}}
{"type":"feedback","code":"identity_collection_decided","at_monotonic":72931.578,"details":{"source_frame_id":"video-00000104","identity_role":"page_change","decision":"same","valid_observations":1,"query_sample_count":5,"timed_out":false}}
{"type":"feedback","code":"identity_collection_progress","at_monotonic":72931.828,"details":{"source_frame_id":"video-00000105","identity_role":"page_change","valid_observations":1,"query_sample_count":5,"recognition_processing_ms":164.73140000016429,"effective_interval_ms":250.0}}
{"type":"feedback","code":"identity_collection_decided","at_monotonic":72931.828,"details":{"source_frame_id":"video-00000105","identity_role":"page_change","decision":"same","valid_observations":1,"query_sample_count":5,"timed_out":false}}
{"type":"feedback","code":"identity_collection_progress","at_monotonic":72932.187,"details":{"source_frame_id":"video-00000106","identity_role":"page_change","valid_observations":1,"query_sample_count":5,"recognition_processing_ms":288.7507999985246,"effective_interval_ms":359.0000000112923}}
{"type":"feedback","code":"identity_collection_decided","at_monotonic":72932.187,"details":{"source_frame_id":"video-00000106","identity_role":"page_change","decision":"same","valid_observations":1,"query_sample_count":5,"timed_out":false}}
{"type":"feedback","code":"identity_collection_progress","at_monotonic":72932.453,"details":{"source_frame_id":"video-00000107","identity_role":"page_change","valid_observations":1,"query_sample_count":5,"recognition_processing_ms":186.35750000248663,"effective_interval_ms":265.9999999887077}}
{"type":"feedback","code":"identity_collection_decided","at_monotonic":72932.453,"details":{"source_frame_id":"video-00000107","identity_role":"page_change","decision":"same","valid_observations":1,"query_sample_count":5,"timed_out":false}}
{"type":"feedback","code":"identity_collection_progress","at_monotonic":72932.765,"details":{"source_frame_id":"video-00000108","identity_role":"page_change","valid_observations":1,"query_sample_count":5,"recognition_processing_ms":225.00530000252184,"effective_interval_ms":312.0000000053551}}
{"type":"feedback","code":"identity_collection_decided","at_monotonic":72932.765,"details":{"source_frame_id":"video-00000108","identity_role":"page_change","decision":"same","valid_observations":1,"query_sample_count":5,"timed_out":false}}
{"type":"feedback","code":"identity_collection_progress","at_monotonic":72933.046,"details":{"source_frame_id":"video-00000109","identity_role":"page_change","valid_observations":1,"query_sample_count":5,"recognition_processing_ms":201.7344000050798,"effective_interval_ms":281.00000000267755}}
{"type":"feedback","code":"identity_collection_decided","at_monotonic":72933.046,"details":{"source_frame_id":"video-00000109","identity_role":"page_change","decision":"same","valid_observations":1,"query_sample_count":5,"timed_out":false}}
{"type":"feedback","code":"identity_collection_progress","at_monotonic":72933.312,"details":{"source_frame_id":"video-00000110","identity_role":"page_change","valid_observations":1,"query_sample_count":5,"recognition_processing_ms":180.14700000640005,"effective_interval_ms":266.00000000325963}}
{"type":"feedback","code":"identity_collection_decided","at_monotonic":72933.312,"details":{"source_frame_id":"video-00000110","identity_role":"page_change","decision":"same","valid_observations":1,"query_sample_count":5,"timed_out":false}}
{"type":"feedback","code":"identity_collection_progress","at_monotonic":72933.546,"details":{"source_frame_id":"video-00000111","identity_role":"page_change","valid_observations":1,"query_sample_count":5,"recognition_processing_ms":159.47890000825282,"effective_interval_ms":233.99999999674037}}
{"type":"feedback","code":"identity_collection_decided","at_monotonic":72933.546,"details":{"source_frame_id":"video-00000111","identity_role":"page_change","decision":"same","valid_observations":1,"query_sample_count":5,"timed_out":false}}
{"type":"feedback","code":"identity_collection_progress","at_monotonic":72933.796,"details":{"source_frame_id":"video-00000112","identity_role":"page_change","valid_observations":1,"query_sample_count":5,"recognition_processing_ms":183.7465999997221,"effective_interval_ms":250.0}}
{"type":"feedback","code":"identity_collection_progress","at_monotonic":72934.0,"details":{"source_frame_id":"video-00000113","identity_role":"page_change","valid_observations":2,"query_sample_count":5,"recognition_processing_ms":127.06360001175199,"effective_interval_ms":203.99999999790452}}
{"type":"feedback","code":"identity_collection_progress","at_monotonic":72934.234,"details":{"source_frame_id":"video-00000114","identity_role":"page_change","valid_observations":3,"query_sample_count":5,"recognition_processing_ms":149.2842000006931,"effective_interval_ms":233.99999999674037}}
{"type":"feedback","code":"identity_collection_decided","at_monotonic":72934.234,"details":{"source_frame_id":"video-00000114","identity_role":"page_change","decision":"same","valid_observations":3,"query_sample_count":5,"timed_out":false}}
{"type":"feedback","code":"identity_collection_progress","at_monotonic":72934.468,"details":{"source_frame_id":"video-00000115","identity_role":"page_change","valid_observations":1,"query_sample_count":5,"recognition_processing_ms":159.45019999344368,"effective_interval_ms":233.99999999674037}}
{"type":"feedback","code":"identity_collection_progress","at_monotonic":72934.796,"details":{"source_frame_id":"video-00000116","identity_role":"page_change","valid_observations":2,"query_sample_count":5,"recognition_processing_ms":244.14830000023358,"effective_interval_ms":313.0000000091968}}
{"type":"feedback","code":"identity_collection_decided","at_monotonic":72934.796,"details":{"source_frame_id":"video-00000116","identity_role":"page_change","decision":"same","valid_observations":2,"query_sample_count":5,"timed_out":false}}
{"type":"feedback","code":"identity_collection_progress","at_monotonic":72935.062,"details":{"source_frame_id":"video-00000117","identity_role":"page_change","valid_observations":1,"query_sample_count":5,"recognition_processing_ms":192.30019999668002,"effective_interval_ms":281.00000000267755}}
{"type":"feedback","code":"identity_collection_decided","at_monotonic":72935.062,"details":{"source_frame_id":"video-00000117","identity_role":"page_change","decision":"same","valid_observations":1,"query_sample_count":5,"timed_out":false}}
{"type":"feedback","code":"identity_collection_progress","at_monotonic":72935.343,"details":{"source_frame_id":"video-00000118","identity_role":"page_change","valid_observations":1,"query_sample_count":5,"recognition_processing_ms":198.4268000087468,"effective_interval_ms":280.99999998812564}}
{"type":"feedback","code":"identity_collection_decided","at_monotonic":72935.343,"details":{"source_frame_id":"video-00000118","identity_role":"page_change","decision":"same","valid_observations":1,"query_sample_count":5,"timed_out":false}}
{"type":"feedback","code":"identity_collection_progress","at_monotonic":72935.625,"details":{"source_frame_id":"video-00000119","identity_role":"page_change","valid_observations":1,"query_sample_count":5,"recognition_processing_ms":187.7556999970693,"effective_interval_ms":282.00000000651926}}
{"type":"feedback","code":"identity_collection_decided","at_monotonic":72935.625,"details":{"source_frame_id":"video-00000119","identity_role":"page_change","decision":"same","valid_observations":1,"query_sample_count":5,"timed_out":false}}
{"type":"feedback","code":"identity_collection_progress","at_monotonic":72935.921,"details":{"source_frame_id":"video-00000120","identity_role":"page_change","valid_observations":1,"query_sample_count":5,"recognition_processing_ms":214.78779999597464,"effective_interval_ms":296.0000000020955}}
{"type":"feedback","code":"identity_collection_decided","at_monotonic":72935.921,"details":{"source_frame_id":"video-00000120","identity_role":"page_change","decision":"same","valid_observations":1,"query_sample_count":5,"timed_out":false}}
{"type":"feedback","code":"identity_collection_progress","at_monotonic":72936.203,"details":{"source_frame_id":"video-00000121","identity_role":"page_change","valid_observations":1,"query_sample_count":5,"recognition_processing_ms":196.9703000067966,"effective_interval_ms":281.99999999196734}}
{"type":"feedback","code":"identity_collection_decided","at_monotonic":72936.203,"details":{"source_frame_id":"video-00000121","identity_role":"page_change","decision":"same","valid_observations":1,"query_sample_count":5,"timed_out":false}}
{"type":"feedback","code":"identity_collection_progress","at_monotonic":72936.421,"details":{"source_frame_id":"video-00000122","identity_role":"page_change","valid_observations":1,"query_sample_count":5,"recognition_processing_ms":156.85790000134148,"effective_interval_ms":218.00000000803266}}
{"type":"feedback","code":"identity_collection_decided","at_monotonic":72936.421,"details":{"source_frame_id":"video-00000122","identity_role":"page_change","decision":"same","valid_observations":1,"query_sample_count":5,"timed_out":false}}
{"type":"feedback","code":"identity_collection_progress","at_monotonic":72936.734,"details":{"source_frame_id":"video-00000123","identity_role":"page_change","valid_observations":1,"query_sample_count":5,"recognition_processing_ms":224.20539999438915,"effective_interval_ms":296.99999999138527}}
{"type":"feedback","code":"identity_collection_decided","at_monotonic":72936.734,"details":{"source_frame_id":"video-00000123","identity_role":"page_change","decision":"same","valid_observations":1,"query_sample_count":5,"timed_out":false}}
{"type":"feedback","code":"identity_collection_progress","at_monotonic":72936.968,"details":{"source_frame_id":"video-00000124","identity_role":"page_change","valid_observations":1,"query_sample_count":5,"recognition_processing_ms":164.52550000394695,"effective_interval_ms":250.0}}
{"type":"feedback","code":"identity_collection_decided","at_monotonic":72936.968,"details":{"source_frame_id":"video-00000124","identity_role":"page_change","decision":"same","valid_observations":1,"query_sample_count":5,"timed_out":false}}
{"type":"feedback","code":"identity_collection_progress","at_monotonic":72937.265,"details":{"source_frame_id":"video-00000125","identity_role":"page_change","valid_observations":1,"query_sample_count":5,"recognition_processing_ms":221.74780000932515,"effective_interval_ms":297.0000000059372}}
{"type":"feedback","code":"identity_collection_decided","at_monotonic":72937.265,"details":{"source_frame_id":"video-00000125","identity_role":"page_change","decision":"same","valid_observations":1,"query_sample_count":5,"timed_out":false}}
{"type":"feedback","code":"identity_collection_progress","at_monotonic":72937.562,"details":{"source_frame_id":"video-00000126","identity_role":"page_change","valid_observations":1,"query_sample_count":5,"recognition_processing_ms":227.67279999970924,"effective_interval_ms":297.0000000059372}}
{"type":"feedback","code":"identity_collection_decided","at_monotonic":72937.562,"details":{"source_frame_id":"video-00000126","identity_role":"page_change","decision":"same","valid_observations":1,"query_sample_count":5,"timed_out":false}}
{"type":"feedback","code":"identity_collection_progress","at_monotonic":72937.843,"details":{"source_frame_id":"video-00000127","identity_role":"page_change","valid_observations":1,"query_sample_count":5,"recognition_processing_ms":192.74070000392385,"effective_interval_ms":280.99999998812564}}
{"type":"feedback","code":"identity_collection_decided","at_monotonic":72937.843,"details":{"source_frame_id":"video-00000127","identity_role":"page_change","decision":"same","valid_observations":1,"query_sample_count":5,"timed_out":false}}
{"type":"feedback","code":"identity_collection_progress","at_monotonic":72938.171,"details":{"source_frame_id":"video-00000128","identity_role":"page_change","valid_observations":1,"query_sample_count":5,"recognition_processing_ms":257.486999995308,"effective_interval_ms":328.00000000861473}}
{"type":"feedback","code":"identity_collection_decided","at_monotonic":72938.171,"details":{"source_frame_id":"video-00000128","identity_role":"page_change","decision":"same","valid_observations":1,"query_sample_count":5,"timed_out":false}}
{"type":"feedback","code":"identity_collection_progress","at_monotonic":72938.39,"details":{"source_frame_id":"video-00000129","identity_role":"page_change","valid_observations":1,"query_sample_count":5,"recognition_processing_ms":146.95899999060202,"effective_interval_ms":218.99999999732245}}
{"type":"feedback","code":"identity_collection_decided","at_monotonic":72938.39,"details":{"source_frame_id":"video-00000129","identity_role":"page_change","decision":"same","valid_observations":1,"query_sample_count":5,"timed_out":false}}
{"type":"feedback","code":"identity_collection_progress","at_monotonic":72938.718,"details":{"source_frame_id":"video-00000130","identity_role":"page_change","valid_observations":1,"query_sample_count":5,"recognition_processing_ms":250.96180000400636,"effective_interval_ms":327.9999999940628}}
{"type":"feedback","code":"identity_collection_decided","at_monotonic":72938.718,"details":{"source_frame_id":"video-00000130","identity_role":"page_change","decision":"same","valid_observations":1,"query_sample_count":5,"timed_out":false}}
{"type":"feedback","code":"identity_collection_progress","at_monotonic":72939.031,"details":{"source_frame_id":"video-00000131","identity_role":"page_change","valid_observations":1,"query_sample_count":5,"recognition_processing_ms":230.69859998940956,"effective_interval_ms":313.0000000091968}}
{"type":"feedback","code":"identity_collection_decided","at_monotonic":72939.031,"details":{"source_frame_id":"video-00000131","identity_role":"page_change","decision":"same","valid_observations":1,"query_sample_count":5,"timed_out":false}}
{"type":"feedback","code":"identity_collection_progress","at_monotonic":72939.359,"details":{"source_frame_id":"video-00000132","identity_role":"page_change","valid_observations":1,"query_sample_count":5,"recognition_processing_ms":260.6501999980537,"effective_interval_ms":327.9999999940628}}
{"type":"feedback","code":"identity_collection_decided","at_monotonic":72939.359,"details":{"source_frame_id":"video-00000132","identity_role":"page_change","decision":"same","valid_observations":1,"query_sample_count":5,"timed_out":false}}
{"type":"feedback","code":"identity_collection_progress","at_monotonic":72939.593,"details":{"source_frame_id":"video-00000133","identity_role":"page_change","valid_observations":1,"query_sample_count":5,"recognition_processing_ms":149.02969999820925,"effective_interval_ms":233.99999999674037}}
{"type":"feedback","code":"identity_collection_decided","at_monotonic":72939.593,"details":{"source_frame_id":"video-00000133","identity_role":"page_change","decision":"same","valid_observations":1,"query_sample_count":5,"timed_out":false}}
{"type":"feedback","code":"identity_collection_progress","at_monotonic":72939.843,"details":{"source_frame_id":"video-00000134","identity_role":"page_change","valid_observations":1,"query_sample_count":5,"recognition_processing_ms":178.85799999930896,"effective_interval_ms":250.0}}
{"type":"feedback","code":"identity_collection_decided","at_monotonic":72939.843,"details":{"source_frame_id":"video-00000134","identity_role":"page_change","decision":"same","valid_observations":1,"query_sample_count":5,"timed_out":false}}
{"type":"feedback","code":"identity_collection_progress","at_monotonic":72940.203,"details":{"source_frame_id":"video-00000135","identity_role":"page_change","valid_observations":1,"query_sample_count":5,"recognition_processing_ms":245.5136000062339,"effective_interval_ms":344.00000001187436}}
{"type":"feedback","code":"identity_collection_decided","at_monotonic":72940.203,"details":{"source_frame_id":"video-00000135","identity_role":"page_change","decision":"same","valid_observations":1,"query_sample_count":5,"timed_out":false}}
{"type":"feedback","code":"identity_collection_progress","at_monotonic":72940.484,"details":{"source_frame_id":"video-00000136","identity_role":"page_change","valid_observations":1,"query_sample_count":5,"recognition_processing_ms":180.550500008394,"effective_interval_ms":296.99999999138527}}
{"type":"feedback","code":"identity_collection_progress","at_monotonic":72940.843,"details":{"source_frame_id":"video-00000137","identity_role":"page_change","valid_observations":2,"query_sample_count":5,"recognition_processing_ms":260.4520000022603,"effective_interval_ms":358.99999999674037}}
{"type":"feedback","code":"identity_collection_decided","at_monotonic":72940.843,"details":{"source_frame_id":"video-00000137","identity_role":"page_change","decision":"same","valid_observations":2,"query_sample_count":5,"timed_out":false}}
{"type":"feedback","code":"scanner_guidance","at_monotonic":72941.953,"details":{"guidance_code":"content_occluded","identity_role":"page_change","stable_for_samples":10,"stable_for_ms":1016}}
{"type":"feedback","code":"scanner_guidance","at_monotonic":72956.968,"details":{"guidance_code":"content_occluded","identity_role":"page_change","stable_for_samples":135,"stable_for_ms":16047}}
{"type":"feedback","code":"identity_collection_progress","at_monotonic":72957.921,"details":{"source_frame_id":"video-00000279","identity_role":"page_change","valid_observations":1,"query_sample_count":5,"recognition_processing_ms":155.05400000256486,"effective_interval_ms":17063.000000009197}}
{"type":"feedback","code":"identity_collection_progress","at_monotonic":72958.156,"details":{"source_frame_id":"video-00000280","identity_role":"page_change","valid_observations":2,"query_sample_count":5,"recognition_processing_ms":161.71139999642037,"effective_interval_ms":250.0}}
{"type":"feedback","code":"identity_collection_progress","at_monotonic":72961.843,"details":{"source_frame_id":"video-00000310","identity_role":"page_change","valid_observations":1,"query_sample_count":5,"recognition_processing_ms":238.48349999752827,"effective_interval_ms":3686.999999990803}}
{"type":"feedback","code":"identity_collection_progress","at_monotonic":72962.14,"details":{"source_frame_id":"video-00000311","identity_role":"page_change","valid_observations":2,"query_sample_count":5,"recognition_processing_ms":204.00399999925867,"effective_interval_ms":297.0000000059372}}
{"type":"feedback","code":"identity_collection_progress","at_monotonic":72962.375,"details":{"source_frame_id":"video-00000312","identity_role":"page_change","valid_observations":3,"query_sample_count":5,"recognition_processing_ms":160.34489999583457,"effective_interval_ms":235.00000000058208}}
{"type":"feedback","code":"identity_collection_progress","at_monotonic":72962.64,"details":{"source_frame_id":"video-00000313","identity_role":"page_change","valid_observations":4,"query_sample_count":5,"recognition_processing_ms":200.2028999995673,"effective_interval_ms":264.9999999994179}}
{"type":"feedback","code":"identity_collection_progress","at_monotonic":72962.984,"details":{"source_frame_id":"video-00000314","identity_role":"page_change","valid_observations":5,"query_sample_count":5,"recognition_processing_ms":257.80620001023635,"effective_interval_ms":343.99999999732245}}
{"type":"feedback","code":"identity_collection_decided","at_monotonic":72962.984,"details":{"source_frame_id":"video-00000314","identity_role":"page_change","decision":"different","valid_observations":5,"query_sample_count":5,"timed_out":false}}
{"type":"feedback","code":"scanner_guidance","at_monotonic":72965.234,"details":{"guidance_code":"content_occluded","observations_considered":3,"stable_for_samples":3,"stable_for_ms":1000}}
{"type":"feedback","code":"scanner_guidance","at_monotonic":72980.484,"details":{"guidance_code":"content_occluded","observations_considered":3,"stable_for_samples":33,"stable_for_ms":16266}}
{"type":"feedback","code":"scanner_guidance","at_monotonic":72987.562,"details":{"guidance_code":"page_moving","observations_considered":3,"stable_for_samples":3,"stable_for_ms":1015}}
{"type":"feedback","code":"candidate_selected","at_monotonic":72989.593,"details":{"source_frame_id":"video-00000365","spread_id":"scan-8b6c3b74bbf14ede90b8fa1798eb8dbf-spread-000002","identity_role":"candidate_verification"}}
{"type":"feedback","code":"identity_collection_started","at_monotonic":72989.593,"details":{"source_frame_id":"video-00000365","spread_id":"scan-8b6c3b74bbf14ede90b8fa1798eb8dbf-spread-000002","identity_role":"candidate_verification","query_sample_count":5}}
{"type":"feedback","code":"identity_collection_progress","at_monotonic":72989.828,"details":{"source_frame_id":"video-00000368","spread_id":"scan-8b6c3b74bbf14ede90b8fa1798eb8dbf-spread-000002","identity_role":"candidate_verification","valid_observations":1,"query_sample_count":5,"recognition_processing_ms":164.52160000335425,"effective_interval_ms":343.99999999732245}}
{"type":"feedback","code":"identity_collection_progress","at_monotonic":72990.078,"details":{"source_frame_id":"video-00000369","spread_id":"scan-8b6c3b74bbf14ede90b8fa1798eb8dbf-spread-000002","identity_role":"candidate_verification","valid_observations":2,"query_sample_count":5,"recognition_processing_ms":190.22129999939352,"effective_interval_ms":250.0}}
{"type":"feedback","code":"identity_collection_progress","at_monotonic":72990.343,"details":{"source_frame_id":"video-00000370","spread_id":"scan-8b6c3b74bbf14ede90b8fa1798eb8dbf-spread-000002","identity_role":"candidate_verification","valid_observations":3,"query_sample_count":5,"recognition_processing_ms":198.91209999332204,"effective_interval_ms":264.9999999994179}}
{"type":"feedback","code":"identity_collection_progress","at_monotonic":72990.578,"details":{"source_frame_id":"video-00000371","spread_id":"scan-8b6c3b74bbf14ede90b8fa1798eb8dbf-spread-000002","identity_role":"candidate_verification","valid_observations":4,"query_sample_count":5,"recognition_processing_ms":172.33780000242405,"effective_interval_ms":235.00000000058208}}
{"type":"feedback","code":"identity_collection_progress","at_monotonic":72990.812,"details":{"source_frame_id":"video-00000372","spread_id":"scan-8b6c3b74bbf14ede90b8fa1798eb8dbf-spread-000002","identity_role":"candidate_verification","valid_observations":5,"query_sample_count":5,"recognition_processing_ms":161.30690000136383,"effective_interval_ms":234.0000000112923}}
{"type":"feedback","code":"identity_collection_decided","at_monotonic":72990.812,"details":{"source_frame_id":"video-00000372","spread_id":"scan-8b6c3b74bbf14ede90b8fa1798eb8dbf-spread-000002","identity_role":"candidate_verification","decision":"different","valid_observations":5,"query_sample_count":5,"timed_out":false}}
{"type":"feedback","code":"spread_sent","at_monotonic":72992.5,"details":{"sequence":2}}
{"type":"feedback","code":"identity_collection_started","at_monotonic":72992.5,"details":{"source_frame_id":"video-00000365","spread_id":"scan-8b6c3b74bbf14ede90b8fa1798eb8dbf-spread-000002","identity_role":"page_change","query_sample_count":5}}
{"type":"feedback","code":"identity_collection_progress","at_monotonic":72992.796,"details":{"source_frame_id":"video-00000373","identity_role":"page_change","valid_observations":1,"query_sample_count":5,"recognition_processing_ms":221.89889999572188,"effective_interval_ms":1983.9999999967404}}
{"type":"feedback","code":"identity_collection_decided","at_monotonic":72992.796,"details":{"source_frame_id":"video-00000373","identity_role":"page_change","decision":"same","valid_observations":1,"query_sample_count":5,"timed_out":false}}
{"type":"feedback","code":"identity_collection_progress","at_monotonic":72993.062,"details":{"source_frame_id":"video-00000374","identity_role":"page_change","valid_observations":1,"query_sample_count":5,"recognition_processing_ms":189.3973999976879,"effective_interval_ms":266.00000000325963}}
{"type":"feedback","code":"identity_collection_decided","at_monotonic":72993.062,"details":{"source_frame_id":"video-00000374","identity_role":"page_change","decision":"same","valid_observations":1,"query_sample_count":5,"timed_out":false}}
{"type":"feedback","code":"identity_collection_progress","at_monotonic":72993.328,"details":{"source_frame_id":"video-00000375","identity_role":"page_change","valid_observations":1,"query_sample_count":5,"recognition_processing_ms":185.70429999090265,"effective_interval_ms":265.9999999887077}}
{"type":"feedback","code":"identity_collection_decided","at_monotonic":72993.328,"details":{"source_frame_id":"video-00000375","identity_role":"page_change","decision":"same","valid_observations":1,"query_sample_count":5,"timed_out":false}}
{"type":"feedback","code":"scanner_guidance","at_monotonic":72995.046,"details":{"guidance_code":"page_not_found","identity_role":"page_change","stable_for_samples":10,"stable_for_ms":1031}}
{"type":"feedback","code":"scanner_guidance","at_monotonic":72996.734,"details":{"guidance_code":"content_occluded","identity_role":"page_change","stable_for_samples":10,"stable_for_ms":1016}}
{"type":"feedback","code":"scan_input_exhausted","at_monotonic":73003.234,"details":{"queued_count":2,"acked_count":2}}
{"type":"feedback","code":"scan_stopping","at_monotonic":73003.265,"details":{"through_sequence":2}}
{"type":"feedback","code":"finalizing","at_monotonic":73003.265,"details":{}}
{"type":"feedback","code":"datapack_saved","at_monotonic":73120.937,"details":{"datapack_id":"datapack-a9ba6a70b86f4ec1be5438da030739d4","revision":1}}
{"type":"feedback","code":"screen_changed","at_monotonic":73121.125,"details":{"screen":"datapack_selection","mode":"capture"}}
{"type":"feedback","code":"speak_catalog_title","at_monotonic":73121.125,"details":{"index":0,"title":"\uc0c8 \ub370\uc774\ud130\ud329 2026-09-08 09:25 #01","kind":"existing","title_audio_ref":"s0-system-audio:72fc03627abb5f7e867a74918ca4bf81"}}
{"type":"feedback","code":"operating_mode_changed","at_monotonic":73121.14,"details":{"mode":"reading"}}
{"type":"feedback","code":"screen_changed","at_monotonic":73121.14,"details":{"screen":"datapack_selection","mode":"reading"}}
{"type":"feedback","code":"speak_catalog_title","at_monotonic":73121.14,"details":{"index":0,"title":"\uc0c8 \ub370\uc774\ud130\ud329 2026-09-08 09:25 #01","kind":"existing","title_audio_ref":"s0-system-audio:72fc03627abb5f7e867a74918ca4bf81"}}
{"type":"feedback","code":"screen_changed","at_monotonic":73121.203,"details":{"screen":"reading","mode":"reading"}}
{"type":"feedback","code":"reading_resumed","at_monotonic":73121.203,"details":{"braille_offset":0,"document_id":"datapack-a9ba6a70b86f4ec1be5438da030739d4","focus_item_id":"pg-28870de21691-00000001-L-vl001","generation":0,"math_span_index":0,"mode":"DOCUMENT","node_index":0,"page_id":"pg-28870de21691-00000001-L","page_index":0,"table_column":null,"table_row":null}}
{"type":"reading_snapshot","reading_session_id":"reading-9fd21b7c778240e1a1b561c9bb882d46","datapack_id":"datapack-a9ba6a70b86f4ec1be5438da030739d4","cursor":{"braille_offset":0,"document_id":"datapack-a9ba6a70b86f4ec1be5438da030739d4","focus_item_id":"pg-28870de21691-00000001-L-vl001","generation":0,"math_span_index":0,"mode":"DOCUMENT","node_index":0,"page_id":"pg-28870de21691-00000001-L","page_index":0,"table_column":null,"table_row":null},"source_text":"www.etsi.com","spoken_text":"www.etsi.com","braille_cells":[],"audio_ref":"s0-audio:ca10d2c0c20bdfd14e27528b1b14b2c6"}
{"type":"reading_snapshot","reading_session_id":"reading-9fd21b7c778240e1a1b561c9bb882d46","datapack_id":"datapack-a9ba6a70b86f4ec1be5438da030739d4","cursor":{"braille_offset":0,"document_id":"datapack-a9ba6a70b86f4ec1be5438da030739d4","focus_item_id":"pg-28870de21691-00000001-L-vl002","generation":1,"math_span_index":0,"mode":"DOCUMENT","node_index":1,"page_id":"pg-28870de21691-00000001-L","page_index":0,"table_column":null,"table_row":null},"source_text":"[26008-0042]","spoken_text":"[26008-0042]","braille_cells":[],"audio_ref":"s0-audio:f774e3980e2b24bda2743f89647303f3"}
{"type":"reading_snapshot","reading_session_id":"reading-9fd21b7c778240e1a1b561c9bb882d46","datapack_id":"datapack-a9ba6a70b86f4ec1be5438da030739d4","cursor":{"braille_offset":0,"document_id":"datapack-a9ba6a70b86f4ec1be5438da030739d4","focus_item_id":"pg-28870de21691-00000001-L-vl003-L01","generation":2,"math_span_index":0,"mode":"DOCUMENT","node_index":2,"page_id":"pg-28870de21691-00000001-L","page_index":0,"table_column":null,"table_row":null},"source_text":"1 지수함수 f(x)=2^{-x}에 대하여 함수 y=f(x)의 그래프가 y축과 만나는 점을 A, 직선 x=2와 만나는 점을 B라 할 때, 선분 AB의 길이는?","spoken_text":"1 지수함수 에프 괄호 열고 엑스 괄호 닫고는 2의 음수 엑스 제곱과 같다 에 대하여 함수 와이는 에프 괄호 열고 엑스 괄호 닫고와 같다 의 그래프가 와이축과 만나는 점을 에이, 직선 엑스는 2와 같다 와 만나는 점을 비라 할 때, 선분 AB의 길이는?","braille_cells":[11,38,45,52,18,18,60,3,24,20],"audio_ref":"s0-audio:394a7078d100ab04cb0aadea08ea4a0c"}
{"type":"reading_snapshot","reading_session_id":"reading-9fd21b7c778240e1a1b561c9bb882d46","datapack_id":"datapack-a9ba6a70b86f4ec1be5438da030739d4","cursor":{"braille_offset":0,"document_id":"datapack-a9ba6a70b86f4ec1be5438da030739d4","focus_item_id":"pg-28870de21691-00000001-R-vl001","generation":3,"math_span_index":0,"mode":"DOCUMENT","node_index":0,"page_id":"pg-28870de21691-00000001-R","page_index":1,"table_column":null,"table_row":null},"source_text":"(2)동차 연립 일차 방정식 Ax=0의 해는 자명한 해뿐이다.","spoken_text":"(2)동차 연립 일차 방정식 Ax=0의 해는 자명한 해뿐이다.","braille_cells":[],"audio_ref":"s0-audio:a5bebf5721780f10863fe2c2c839780c"}
{"type":"reading_snapshot","reading_session_id":"reading-9fd21b7c778240e1a1b561c9bb882d46","datapack_id":"datapack-a9ba6a70b86f4ec1be5438da030739d4","cursor":{"braille_offset":0,"document_id":"datapack-a9ba6a70b86f4ec1be5438da030739d4","focus_item_id":"pg-28870de21691-00000001-R-vl002","generation":4,"math_span_index":0,"mode":"DOCUMENT","node_index":1,"page_id":"pg-28870de21691-00000001-R","page_index":1,"table_column":null,"table_row":null},"source_text":"(3)연립 일차 방정식 Ax=b는 모든 벡터 b에 대해 유일한 해가 존재한다.","spoken_text":"(3)연립 일차 방정식 Ax=비는 모든 벡터 비에 대해 유일한 해가 존재한다.","braille_cells":[],"audio_ref":"s0-audio:8726d25ada46b654c4bab9ea36c3fde4"}
{"type":"reading_snapshot","reading_session_id":"reading-9fd21b7c778240e1a1b561c9bb882d46","datapack_id":"datapack-a9ba6a70b86f4ec1be5438da030739d4","cursor":{"braille_offset":0,"document_id":"datapack-a9ba6a70b86f4ec1be5438da030739d4","focus_item_id":"pg-28870de21691-00000001-R-vl003","generation":5,"math_span_index":0,"mode":"DOCUMENT","node_index":2,"page_id":"pg-28870de21691-00000001-R","page_index":1,"table_column":null,"table_row":null},"source_text":"(4) A는 항등 행렬 In과 행 동치이다.","spoken_text":"(4) 에이는 항등 행렬 In과 행 동치이다.","braille_cells":[],"audio_ref":"s0-audio:970021fddd33244f1c3f7a818e420db9"}
{"type":"reading_snapshot","reading_session_id":"reading-9fd21b7c778240e1a1b561c9bb882d46","datapack_id":"datapack-a9ba6a70b86f4ec1be5438da030739d4","cursor":{"braille_offset":0,"document_id":"datapack-a9ba6a70b86f4ec1be5438da030739d4","focus_item_id":"pg-28870de21691-00000001-R-vl004","generation":6,"math_span_index":0,"mode":"DOCUMENT","node_index":3,"page_id":"pg-28870de21691-00000001-R","page_index":1,"table_column":null,"table_row":null},"source_text":"증명 (2)와 (4)가 동치임을 증명하고 나머지는 연습 문제로 남긴다.","spoken_text":"증명 (2)와 (4)가 동치임을 증명하고 나머지는 연습 문제로 남긴다.","braille_cells":[],"audio_ref":"s0-audio:bdb7e1639b32fcf42a045f5fe83e6383"}
{"type":"reading_snapshot","reading_session_id":"reading-9fd21b7c778240e1a1b561c9bb882d46","datapack_id":"datapack-a9ba6a70b86f4ec1be5438da030739d4","cursor":{"braille_offset":0,"document_id":"datapack-a9ba6a70b86f4ec1be5438da030739d4","focus_item_id":"pg-28870de21691-00000001-R-vl005","generation":7,"math_span_index":0,"mode":"DOCUMENT","node_index":4,"page_id":"pg-28870de21691-00000001-R","page_index":1,"table_column":null,"table_row":null},"source_text":"(2)가 성립한다고 가정하면, 즉 Ax=0의 해가 자명한 해 x=0뿐이면, 다음 연립 방정식의 유일한 해는 자명한 해이다.","spoken_text":"(2)가 성립한다고 가정하면, 즉 Ax=0의 해가 자명한 해 엑스=0뿐이면, 다음 연립 방정식의 유일한 해는 자명한 해이다.","braille_cells":[],"audio_ref":"s0-audio:ea72597309221fb9a1900fd0f86faeb5"}
{"type":"reading_snapshot","reading_session_id":"reading-9fd21b7c778240e1a1b561c9bb882d46","datapack_id":"datapack-a9ba6a70b86f4ec1be5438da030739d4","cursor":{"braille_offset":0,"document_id":"datapack-a9ba6a70b86f4ec1be5438da030739d4","focus_item_id":"pg-28870de21691-00000001-R-vl006","generation":8,"math_span_index":0,"mode":"DOCUMENT","node_index":5,"page_id":"pg-28870de21691-00000001-R","page_index":1,"table_column":null,"table_row":null},"source_text":"\\begin{cases}a_{11}x_{1}+a_{12}x_{2}+\\cdots+a_{1n}x_{n}=0\\\\a_{11}x_{1}+a_{12}x_{2}+\\cdots+a_{1n}x_{n}=0\\\\\\quad\\vdots\\quad\\vdots\\quad\\vdots\\quad\\vdots\\\\a_{n1}x_{1}+a_{n2}x_{2}+\\cdots+a_{nn}x_{n}=0\\end{cases}","spoken_text":"수식 인식이 불확실합니다.","braille_cells":[],"audio_ref":"s0-audio:0b12676e4a8670d6dae0ef1e658aa730"}
{"type":"reading_snapshot","reading_session_id":"reading-9fd21b7c778240e1a1b561c9bb882d46","datapack_id":"datapack-a9ba6a70b86f4ec1be5438da030739d4","cursor":{"braille_offset":0,"document_id":"datapack-a9ba6a70b86f4ec1be5438da030739d4","focus_item_id":"pg-28870de21691-00000001-R-vl007","generation":9,"math_span_index":0,"mode":"DOCUMENT","node_index":6,"page_id":"pg-28870de21691-00000001-R","page_index":1,"table_column":null,"table_row":null},"source_text":"A가  I_{n}과 행 동치가 아니라면, 확대 행렬로 바꾸었을 때 0만으로 이루어진 행이 적어도 하나 있어야 한다. 즉, 마지막 행이 0만으로 이루어져 있으면, 마지막 방정식은 0=0이다. 그러면 이 동차 선형 연립 방정식은 변수가 n개인 n-1개의 일차 방정식으로 이루어진 연립 방정식이므로 해가 무수히 많다. 그러나 x=0이 방정식 (1)의 유일한 해이므로, 이는 모순이다. 그러므로 A와  I_{n}은 행 동치이다.","spoken_text":"에이가 아이 아래첨자 엔 과 행 동치가 아니라면, 확대 행렬로 바꾸었을 때 0만으로 이루어진 행이 적어도 하나 있어야 한다. 즉, 마지막 행이 0만으로 이루어져 있으면, 마지막 방정식은 0=0이다. 그러면 이 동차 선형 연립 방정식은 변수가 엔개인 엔-1개의 일차 방정식으로 이루어진 연립 방정식이므로 해가 무수히 많다. 그러나 엑스=0이 방정식 (1)의 유일한 해이므로, 이는 모순이다. 그러므로 에이와 아이 아래첨자 엔 은 행 동치이다.","braille_cells":[32,10,48,29],"audio_ref":"s0-audio:07f519a7d5d6b0c068aeb395fbd3019b"}
{"type":"reading_snapshot","reading_session_id":"reading-9fd21b7c778240e1a1b561c9bb882d46","datapack_id":"datapack-a9ba6a70b86f4ec1be5438da030739d4","cursor":{"braille_offset":0,"document_id":"datapack-a9ba6a70b86f4ec1be5438da030739d4","focus_item_id":"pg-28870de21691-00000002-L-vl001","generation":10,"math_span_index":0,"mode":"DOCUMENT","node_index":0,"page_id":"pg-28870de21691-00000002-L","page_index":2,"table_column":null,"table_row":null},"source_text":"결의하자","spoken_text":"결의하자","braille_cells":[],"audio_ref":"s0-audio:15af5f004968cd86639cda41a85bb2f1"}
{"type":"reading_snapshot","reading_session_id":"reading-9fd21b7c778240e1a1b561c9bb882d46","datapack_id":"datapack-a9ba6a70b86f4ec1be5438da030739d4","cursor":{"braille_offset":0,"document_id":"datapack-a9ba6a70b86f4ec1be5438da030739d4","focus_item_id":"pg-28870de21691-00000002-L-vl002","generation":11,"math_span_index":0,"mode":"DOCUMENT","node_index":1,"page_id":"pg-28870de21691-00000002-L","page_index":2,"table_column":null,"table_row":null},"source_text":"\\varpi_{1}=T(\\boldsymbol{e}_{1}),\\varpi_{2}=T(\\boldsymbol{e}_{2}),\\cdots,\\varpi_{n}=T(\\boldsymbol{e}_{n})","spoken_text":"일부 기호 인식이 불확실합니다. 인식할 수 없는 기호 아래첨자 1은 티 괄호 열고 이 아래첨자 1 괄호 닫고와 같다, 인식할 수 없는 기호 아래첨자 2는 티 괄호 열고 이 아래첨자 2 괄호 닫고와 같다, 인식할 수 없는 기호, 인식할 수 없는 기호 아래첨자 엔은 티 괄호 열고 이 아래첨자 엔 괄호 닫고와 같다","braille_cells":[],"audio_ref":"s0-audio:82029d11074ad016deeeb01ba49e3167"}
{"type":"reading_snapshot","reading_session_id":"reading-9fd21b7c778240e1a1b561c9bb882d46","datapack_id":"datapack-a9ba6a70b86f4ec1be5438da030739d4","cursor":{"braille_offset":0,"document_id":"datapack-a9ba6a70b86f4ec1be5438da030739d4","focus_item_id":"pg-28870de21691-00000002-L-vl003","generation":12,"math_span_index":0,"mode":"DOCUMENT","node_index":2,"page_id":"pg-28870de21691-00000002-L","page_index":2,"table_column":null,"table_row":null},"source_text":"A_{j}를 각 w, 를 제일 열로 하는 m \\times n 행렬이라 하면, i=1,2,\\cdots,n에 대해 A_{j}e_{i}, w_{i}이다. 그러면 R”의 입의의 벽터 x=x_{1}e_{1}+x_{2}e_{2}+\\cdots+x_{n}e_{n}의 T에 의한 상존 다음과 같다.","spoken_text":"에이 아래첨자 제이 를 각 더블유, 를 제일 열로 하는 엠 엔 행렬이라 하면, 일부 기호 인식이 불확실합니다. 아이는 1과 같다, 2, 인식할 수 없는 기호, 엔 에 대해 에이 아래첨자 제이 이 아래첨자 아이 , 더블유 아래첨자 아이 이다. 그러면 알 ”의 입의의 벽터 일부 기호 인식이 불확실합니다. 엑스는 엑스 아래첨자 1 이 아래첨자 1 더하기 엑스 아래첨자 2 이 아래첨자 2 더하기 인식할 수 없는 기호 더하기 엑스 아래첨자 엔 이 아래첨자 엔과 같다 의 티 에 의한 상존 다음과 같다.","braille_cells":[32,1,48,26],"audio_ref":"s0-audio:ac7614d28af5dd8dcb4332952ff6c57a"}
{"type":"reading_snapshot","reading_session_id":"reading-9fd21b7c778240e1a1b561c9bb882d46","datapack_id":"datapack-a9ba6a70b86f4ec1be5438da030739d4","cursor":{"braille_offset":0,"document_id":"datapack-a9ba6a70b86f4ec1be5438da030739d4","focus_item_id":"pg-28870de21691-00000002-R-vl001","generation":13,"math_span_index":0,"mode":"DOCUMENT","node_index":0,"page_id":"pg-28870de21691-00000002-R","page_index":3,"table_column":null,"table_row":null},"source_text":"일차 변환 T: \\mathbb{R}^n \\to \\mathbb{R}^m의 변환 행렬이 A_T = (a_{ij})_{m \\times n}이면 x = (x_1, x_2, \\cdots, x_n) \\in \\mathbb{R}^n, y = (y_1, y_2, \\cdots, y_m) \\in \\mathbb{R}^m에 대해 T는 다음 연립 일차 방정식으로 표현할 수 있다.","spoken_text":"일차 변환 수식 인식이 불확실합니다. 의 변환 행렬이 에이 아래첨자 티는 괄호 열고 에이 아래첨자 아이 제이 괄호 닫고 아래첨자 엠 엔과 같다 이면 수식 인식이 불확실합니다. , 수식 인식이 불확실합니다. 에 대해 티 는 다음 연립 일차 방정식으로 표현할 수 있다.","braille_cells":[],"audio_ref":"s0-audio:5697ce53104a5986592337c1d68da2d4"}
{"type":"reading_snapshot","reading_session_id":"reading-9fd21b7c778240e1a1b561c9bb882d46","datapack_id":"datapack-a9ba6a70b86f4ec1be5438da030739d4","cursor":{"braille_offset":0,"document_id":"datapack-a9ba6a70b86f4ec1be5438da030739d4","focus_item_id":"pg-28870de21691-00000002-R-vl002","generation":14,"math_span_index":0,"mode":"DOCUMENT","node_index":1,"page_id":"pg-28870de21691-00000002-R","page_index":3,"table_column":null,"table_row":null},"source_text":"\\left\\{\\begin{array}{l}\\bar{y}_{1}=a_{11}x_{1}+a_{12}x_{2}+\\cdots+a_{1n}x_{n}\\\\ \\bar{y}_{2}=a_{21}x_{1}+a_{22}x_{2}+\\cdots+a_{2n}x_{n}\\\\ \\bar{y}_{3}=a_{31}x_{1}+a_{32}x_{2}+\\cdots+a_{3n}x_{n}\\\\ \\vdots\\quad\\vdots\\quad\\vdots\\quad\\vdots\\\\ \\bar{y}_{m}=a_{m1}x_{1}+a_{m2}x_{2}+\\cdots+a_{m n}x_{n}\\end{array}\\right.","spoken_text":"수식 인식이 불확실합니다.","braille_cells":[],"audio_ref":"s0-audio:0b12676e4a8670d6dae0ef1e658aa730"}
{"type":"reading_snapshot","reading_session_id":"reading-9fd21b7c778240e1a1b561c9bb882d46","datapack_id":"datapack-a9ba6a70b86f4ec1be5438da030739d4","cursor":{"braille_offset":0,"document_id":"datapack-a9ba6a70b86f4ec1be5438da030739d4","focus_item_id":"pg-28870de21691-00000002-R-vl003","generation":15,"math_span_index":0,"mode":"DOCUMENT","node_index":2,"page_id":"pg-28870de21691-00000002-R","page_index":3,"table_column":null,"table_row":null},"source_text":"대제 11.5-8 다음 연립 일차 방정식에 의해 정의된 일차 변환 T: R^{4} \\rightarrow R^{3}의 변환 행렬 A_{T}를 찾고, (1,-1,0,2) \\in \\mathbb{R}^{4}의 상을 찾아라.","spoken_text":"대제 11.5-8 다음 연립 일차 방정식에 의해 정의된 일차 변환 티: 알^{4} \\rightarrow 알^{3}의 변환 행렬 에이_{티}를 찾고, (1,-1,0,2) \\in \\mathbb{알}^{4}의 상을 찾아라.","braille_cells":[],"audio_ref":"s0-audio:2101cf8a06eb0f745ebea4d9a3096e02"}
{"type":"reading_snapshot","reading_session_id":"reading-9fd21b7c778240e1a1b561c9bb882d46","datapack_id":"datapack-a9ba6a70b86f4ec1be5438da030739d4","cursor":{"braille_offset":0,"document_id":"datapack-a9ba6a70b86f4ec1be5438da030739d4","focus_item_id":"pg-28870de21691-00000002-R-vl004","generation":16,"math_span_index":0,"mode":"DOCUMENT","node_index":3,"page_id":"pg-28870de21691-00000002-R","page_index":3,"table_column":null,"table_row":null},"source_text":"\\left\\{\\begin{array}{l}y_{1}=2x_{1}-3x_{2}+4x_{3}-x_{4}\\\\ y_{2}=3x_{1}+5x_{2}+x_{3}+2x_{4}\\\\ y_{3}=x_{1}+4x_{2}-2x_{3}\\end{array}\\right.","spoken_text":"괄호 열고 첫 번째 식, 와이 아래첨자 1은 2 엑스 아래첨자 1 빼기 3 엑스 아래첨자 2 더하기 4 엑스 아래첨자 3 빼기 엑스 아래첨자 4와 같다, 두 번째 식, 와이 아래첨자 2는 3 엑스 아래첨자 1 더하기 5 엑스 아래첨자 2 더하기 엑스 아래첨자 3 더하기 2 엑스 아래첨자 4와 같다, 세 번째 식, 와이 아래첨자 3은 엑스 아래첨자 1 더하기 4 엑스 아래첨자 2 빼기 2 엑스 아래첨자 3과 같다 괄호 닫고","braille_cells":[54,55,60,1,62,61,48,60,1,18],"audio_ref":"s0-audio:b502b03d72ae3d4fba539b908652a93b"}
{"type":"reading_snapshot","reading_session_id":"reading-9fd21b7c778240e1a1b561c9bb882d46","datapack_id":"datapack-a9ba6a70b86f4ec1be5438da030739d4","cursor":{"braille_offset":0,"document_id":"datapack-a9ba6a70b86f4ec1be5438da030739d4","focus_item_id":"pg-28870de21691-00000002-L-vl001","generation":17,"math_span_index":0,"mode":"DOCUMENT","node_index":0,"page_id":"pg-28870de21691-00000002-L","page_index":2,"table_column":null,"table_row":null},"source_text":"결의하자","spoken_text":"결의하자","braille_cells":[],"audio_ref":"s0-audio:15af5f004968cd86639cda41a85bb2f1"}
